Component: ARM Compiler 5.06 update 7 (build 960) Tool: armlink [4d3601]

==============================================================================

Section Cross References

    startup_gd32f10x_hd.o(RESET) refers to startup_gd32f10x_hd.o(STACK) for __initial_sp
    startup_gd32f10x_hd.o(RESET) refers to startup_gd32f10x_hd.o(.text) for Reset_Handler
    startup_gd32f10x_hd.o(RESET) refers to tim.o(i.TIMER6_IRQHandler) for TIMER6_IRQHandler
    startup_gd32f10x_hd.o(.text) refers to system_gd32f10x.o(i.SystemInit) for SystemInit
    startup_gd32f10x_hd.o(.text) refers to entry.o(.ARM.Collect$$$$00000000) for __main
    system_gd32f10x.o(i.SystemInit) refers to system_gd32f10x.o(i.system_clock_config) for system_clock_config
    system_gd32f10x.o(i.SystemInit) refers to gd32f10x_misc.o(i.nvic_vector_table_set) for nvic_vector_table_set
    system_gd32f10x.o(i.system_clock_config) refers to system_gd32f10x.o(i.system_clock_108m_hxtal) for system_clock_108m_hxtal
    main.o(i.main) refers to gd32f10x_misc.o(i.nvic_vector_table_set) for nvic_vector_table_set
    main.o(i.main) refers to systick.o(i.Systick_Init) for Systick_Init
    main.o(i.main) refers to led.o(i.LED_Init) for LED_Init
    main.o(i.main) refers to usart0.o(i.USART0_Init) for USART0_Init
    main.o(i.main) refers to printfa.o(i.__0printf) for __2printf
    main.o(i.main) refers to led.o(i.LED_Flash) for LED_Flash
    systick.o(i.Delay_Ms) refers to systick.o(.data) for fac_ms
    systick.o(i.Delay_Us) refers to systick.o(.data) for fac_us
    systick.o(i.Systick_Init) refers to dfltui.o(.text) for __aeabi_ui2d
    systick.o(i.Systick_Init) refers to ddiv.o(.text) for __aeabi_ddiv
    systick.o(i.Systick_Init) refers to dfixui.o(.text) for __aeabi_d2uiz
    systick.o(i.Systick_Init) refers to dmul.o(.text) for __aeabi_dmul
    systick.o(i.Systick_Init) refers to systick.o(.data) for fac_us
    gd32f10x_gpio.o(i.gpio_afio_deinit) refers to gd32f10x_rcu.o(i.rcu_periph_reset_enable) for rcu_periph_reset_enable
    gd32f10x_gpio.o(i.gpio_afio_deinit) refers to gd32f10x_rcu.o(i.rcu_periph_reset_disable) for rcu_periph_reset_disable
    gd32f10x_gpio.o(i.gpio_deinit) refers to gd32f10x_rcu.o(i.rcu_periph_reset_enable) for rcu_periph_reset_enable
    gd32f10x_gpio.o(i.gpio_deinit) refers to gd32f10x_rcu.o(i.rcu_periph_reset_disable) for rcu_periph_reset_disable
    gd32f10x_rcu.o(i.rcu_deinit) refers to gd32f10x_rcu.o(i.rcu_osci_stab_wait) for rcu_osci_stab_wait
    gd32f10x_rcu.o(i.rcu_osci_stab_wait) refers to gd32f10x_rcu.o(i.rcu_flag_get) for rcu_flag_get
    gd32f10x_misc.o(i.nvic_irq_enable) refers to gd32f10x_misc.o(i.nvic_priority_group_set) for nvic_priority_group_set
    gd32f10x_dma.o(i.dma_channel_disable) refers to gd32f10x_dma.o(i.dma_periph_and_channel_check) for dma_periph_and_channel_check
    gd32f10x_dma.o(i.dma_channel_enable) refers to gd32f10x_dma.o(i.dma_periph_and_channel_check) for dma_periph_and_channel_check
    gd32f10x_dma.o(i.dma_circulation_disable) refers to gd32f10x_dma.o(i.dma_periph_and_channel_check) for dma_periph_and_channel_check
    gd32f10x_dma.o(i.dma_circulation_enable) refers to gd32f10x_dma.o(i.dma_periph_and_channel_check) for dma_periph_and_channel_check
    gd32f10x_dma.o(i.dma_deinit) refers to gd32f10x_dma.o(i.dma_periph_and_channel_check) for dma_periph_and_channel_check
    gd32f10x_dma.o(i.dma_init) refers to gd32f10x_dma.o(i.dma_periph_and_channel_check) for dma_periph_and_channel_check
    gd32f10x_dma.o(i.dma_interrupt_disable) refers to gd32f10x_dma.o(i.dma_periph_and_channel_check) for dma_periph_and_channel_check
    gd32f10x_dma.o(i.dma_interrupt_enable) refers to gd32f10x_dma.o(i.dma_periph_and_channel_check) for dma_periph_and_channel_check
    gd32f10x_dma.o(i.dma_memory_address_config) refers to gd32f10x_dma.o(i.dma_periph_and_channel_check) for dma_periph_and_channel_check
    gd32f10x_dma.o(i.dma_memory_increase_disable) refers to gd32f10x_dma.o(i.dma_periph_and_channel_check) for dma_periph_and_channel_check
    gd32f10x_dma.o(i.dma_memory_increase_enable) refers to gd32f10x_dma.o(i.dma_periph_and_channel_check) for dma_periph_and_channel_check
    gd32f10x_dma.o(i.dma_memory_to_memory_disable) refers to gd32f10x_dma.o(i.dma_periph_and_channel_check) for dma_periph_and_channel_check
    gd32f10x_dma.o(i.dma_memory_to_memory_enable) refers to gd32f10x_dma.o(i.dma_periph_and_channel_check) for dma_periph_and_channel_check
    gd32f10x_dma.o(i.dma_memory_width_config) refers to gd32f10x_dma.o(i.dma_periph_and_channel_check) for dma_periph_and_channel_check
    gd32f10x_dma.o(i.dma_periph_address_config) refers to gd32f10x_dma.o(i.dma_periph_and_channel_check) for dma_periph_and_channel_check
    gd32f10x_dma.o(i.dma_periph_increase_disable) refers to gd32f10x_dma.o(i.dma_periph_and_channel_check) for dma_periph_and_channel_check
    gd32f10x_dma.o(i.dma_periph_increase_enable) refers to gd32f10x_dma.o(i.dma_periph_and_channel_check) for dma_periph_and_channel_check
[...]
    printf2.o(i.__0vprintf$2) refers to stdout.o(.data) for __stdout
    printf2.o(i.__0vsnprintf$2) refers to printf2.o(i._printf_core) for _printf_core
    printf2.o(i.__0vsnprintf$2) refers to printf2.o(i._snputc) for _snputc
    printf2.o(i.__0vsprintf$2) refers to printf2.o(i._printf_core) for _printf_core
    printf2.o(i.__0vsprintf$2) refers to printf2.o(i._sputc) for _sputc
    printf3.o(i.__0fprintf$3) refers to printf3.o(i._printf_core) for _printf_core
    printf3.o(i.__0fprintf$3) refers to usart0.o(i.fputc) for fputc
    printf3.o(i.__0printf$3) refers to printf3.o(i._printf_core) for _printf_core
    printf3.o(i.__0printf$3) refers to usart0.o(i.fputc) for fputc
    printf3.o(i.__0printf$3) refers to stdout.o(.data) for __stdout
    printf3.o(i.__0snprintf$3) refers to printf3.o(i._printf_core) for _printf_core
    printf3.o(i.__0snprintf$3) refers to printf3.o(i._snputc) for _snputc
    printf3.o(i.__0sprintf$3) refers to printf3.o(i._printf_core) for _printf_core
    printf3.o(i.__0sprintf$3) refers to printf3.o(i._sputc) for _sputc
    printf3.o(i.__0vfprintf$3) refers to printf3.o(i._printf_core) for _printf_core
    printf3.o(i.__0vfprintf$3) refers to usart0.o(i.fputc) for fputc
    printf3.o(i.__0vprintf$3) refers to printf3.o(i._printf_core) for _printf_core
    printf3.o(i.__0vprintf$3) refers to usart0.o(i.fputc) for fputc
    printf3.o(i.__0vprintf$3) refers to stdout.o(.data) for __stdout
    printf3.o(i.__0vsnprintf$3) refers to printf3.o(i._printf_core) for _printf_core
    printf3.o(i.__0vsnprintf$3) refers to printf3.o(i._snputc) for _snputc
    printf3.o(i.__0vsprintf$3) refers to printf3.o(i._printf_core) for _printf_core
    printf3.o(i.__0vsprintf$3) refers to printf3.o(i._sputc) for _sputc
    printf3.o(i._printf_core) refers to uidiv.o(.text) for __aeabi_uidivmod
    printf4.o(i.__0fprintf$4) refers to printf4.o(i._printf_core) for _printf_core
    printf4.o(i.__0fprintf$4) refers to usart0.o(i.fputc) for fputc
    printf4.o(i.__0printf$4) refers to printf4.o(i._printf_core) for _printf_core
    printf4.o(i.__0printf$4) refers to usart0.o(i.fputc) for fputc
    printf4.o(i.__0printf$4) refers to stdout.o(.data) for __stdout
    printf4.o(i.__0snprintf$4) refers to printf4.o(i._printf_core) for _printf_core
    printf4.o(i.__0snprintf$4) refers to printf4.o(i._snputc) for _snputc
    printf4.o(i.__0sprintf$4) refers to printf4.o(i._printf_core) for _printf_core
    printf4.o(i.__0sprintf$4) refers to printf4.o(i._sputc) for _sputc
    printf4.o(i.__0vfprintf$4) refers to printf4.o(i._printf_core) for _printf_core
    printf4.o(i.__0vfprintf$4) refers to usart0.o(i.fputc) for fputc
    printf4.o(i.__0vprintf$4) refers to printf4.o(i._printf_core) for _printf_core
    printf4.o(i.__0vprintf$4) refers to usart0.o(i.fputc) for fputc
    printf4.o(i.__0vprintf$4) refers to stdout.o(.data) for __stdout
    printf4.o(i.__0vsnprintf$4) refers to printf4.o(i._printf_core) for _printf_core
    printf4.o(i.__0vsnprintf$4) refers to printf4.o(i._snputc) for _snputc
    printf4.o(i.__0vsprintf$4) refers to printf4.o(i._printf_core) for _printf_core
    printf4.o(i.__0vsprintf$4) refers to printf4.o(i._sputc) for _sputc
    printf4.o(i._printf_core) refers to uldiv.o(.text) for __aeabi_uldivmod
    printf5.o(i.__0fprintf$5) refers to printf5.o(i._printf_core) for _printf_core
    printf5.o(i.__0fprintf$5) refers to usart0.o(i.fputc) for fputc
    printf5.o(i.__0printf$5) refers to printf5.o(i._printf_core) for _printf_core
    printf5.o(i.__0printf$5) refers to usart0.o(i.fputc) for fputc
    printf5.o(i.__0printf$5) refers to stdout.o(.data) for __stdout
    printf5.o(i.__0snprintf$5) refers to printf5.o(i._printf_core) for _printf_core
    printf5.o(i.__0snprintf$5) refers to printf5.o(i._snputc) for _snputc
    printf5.o(i.__0sprintf$5) refers to printf5.o(i._printf_core) for _printf_core
    printf5.o(i.__0sprintf$5) refers to printf5.o(i._sputc) for _sputc
    printf5.o(i.__0vfprintf$5) refers to printf5.o(i._printf_core) for _printf_core
    printf5.o(i.__0vfprintf$5) refers to usart0.o(i.fputc) for fputc
    printf5.o(i.__0vprintf$5) refers to printf5.o(i._printf_core) for _printf_core
    printf5.o(i.__0vprintf$5) refers to usart0.o(i.fputc) for fputc
    printf5.o(i.__0vprintf$5) refers to stdout.o(.data) for __stdout
    printf5.o(i.__0vsnprintf$5) refers to printf5.o(i._printf_core) for _printf_core
    printf5.o(i.__0vsnprintf$5) refers to printf5.o(i._snputc) for _snputc
    printf5.o(i.__0vsprintf$5) refers to printf5.o(i._printf_core) for _printf_core
    printf5.o(i.__0vsprintf$5) refers to printf5.o(i._sputc) for _sputc
    printf5.o(i._printf_core) refers to uldiv.o(.text) for __aeabi_uldivmod
    printf6.o(i.__0fprintf$6) refers to printf6.o(i._printf_core) for _printf_core
    printf6.o(i.__0fprintf$6) refers to usart0.o(i.fputc) for fputc
    printf6.o(i.__0printf$6) refers to printf6.o(i._printf_core) for _printf_core
    printf6.o(i.__0printf$6) refers to usart0.o(i.fputc) for fputc
    printf6.o(i.__0printf$6) refers to stdout.o(.data) for __stdout
    printf6.o(i.__0snprintf$6) refers to printf6.o(i._printf_core) for _printf_core
    printf6.o(i.__0snprintf$6) refers to printf6.o(i._snputc) for _snputc
    printf6.o(i.__0sprintf$6) refers to printf6.o(i._printf_core) for _printf_core
    printf6.o(i.__0sprintf$6) refers to printf6.o(i._sputc) for _sputc
    printf6.o(i.__0vfprintf$6) refers to printf6.o(i._printf_core) for _printf_core
    printf6.o(i.__0vfprintf$6) refers to usart0.o(i.fputc) for fputc
    printf6.o(i.__0vprintf$6) refers to printf6.o(i._printf_core) for _printf_core
    printf6.o(i.__0vprintf$6) refers to usart0.o(i.fputc) for fputc
    printf6.o(i.__0vprintf$6) refers to stdout.o(.data) for __stdout
    printf6.o(i.__0vsnprintf$6) refers to printf6.o(i._printf_core) for _printf_core
    printf6.o(i.__0vsnprintf$6) refers to printf6.o(i._snputc) for _snputc
    printf6.o(i.__0vsprintf$6) refers to printf6.o(i._printf_core) for _printf_core
    printf6.o(i.__0vsprintf$6) refers to printf6.o(i._sputc) for _sputc
    printf6.o(i._printf_core) refers to printf6.o(i._printf_pre_padding) for _printf_pre_padding
    printf6.o(i._printf_core) refers to uidiv.o(.text) for __aeabi_uidivmod
    printf6.o(i._printf_core) refers to printf6.o(i._printf_post_padding) for _printf_post_padding
    printf7.o(i.__0fprintf$7) refers to printf7.o(i._printf_core) for _printf_core
    printf7.o(i.__0fprintf$7) refers to usart0.o(i.fputc) for fputc
    printf7.o(i.__0printf$7) refers to printf7.o(i._printf_core) for _printf_core
    printf7.o(i.__0printf$7) refers to usart0.o(i.fputc) for fputc
    printf7.o(i.__0printf$7) refers to stdout.o(.data) for __stdout
    printf7.o(i.__0snprintf$7) refers to printf7.o(i._printf_core) for _printf_core
    printf7.o(i.__0snprintf$7) refers to printf7.o(i._snputc) for _snputc
    printf7.o(i.__0sprintf$7) refers to printf7.o(i._printf_core) for _printf_core
    printf7.o(i.__0sprintf$7) refers to printf7.o(i._sputc) for _sputc
    printf7.o(i.__0vfprintf$7) refers to printf7.o(i._printf_core) for _printf_core
    printf7.o(i.__0vfprintf$7) refers to usart0.o(i.fputc) for fputc
    printf7.o(i.__0vprintf$7) refers to printf7.o(i._printf_core) for _printf_core
    printf7.o(i.__0vprintf$7) refers to usart0.o(i.fputc) for fputc
    printf7.o(i.__0vprintf$7) refers to stdout.o(.data) for __stdout
    printf7.o(i.__0vsnprintf$7) refers to printf7.o(i._printf_core) for _printf_core
    printf7.o(i.__0vsnprintf$7) refers to printf7.o(i._snputc) for _snputc
    printf7.o(i.__0vsprintf$7) refers to printf7.o(i._printf_core) for _printf_core
    printf7.o(i.__0vsprintf$7) refers to printf7.o(i._sputc) for _sputc
    printf7.o(i._printf_core) refers to printf7.o(i._printf_pre_padding) for _printf_pre_padding
    printf7.o(i._printf_core) refers to uldiv.o(.text) for __aeabi_uldivmod
    printf7.o(i._printf_core) refers to printf7.o(i._printf_post_padding) for _printf_post_padding
    printf8.o(i.__0fprintf$8) refers to printf8.o(i._printf_core) for _printf_core
    printf8.o(i.__0fprintf$8) refers to usart0.o(i.fputc) for fputc
    printf8.o(i.__0printf$8) refers to printf8.o(i._printf_core) for _printf_core
    printf8.o(i.__0printf$8) refers to usart0.o(i.fputc) for fputc
    printf8.o(i.__0printf$8) refers to stdout.o(.data) for __stdout
    printf8.o(i.__0snprintf$8) refers to printf8.o(i._printf_core) for _printf_core
    printf8.o(i.__0snprintf$8) refers to printf8.o(i._snputc) for _snputc
    printf8.o(i.__0sprintf$8) refers to printf8.o(i._printf_core) for _printf_core
    printf8.o(i.__0sprintf$8) refers to printf8.o(i._sputc) for _sputc
    printf8.o(i.__0vfprintf$8) refers to printf8.o(i._printf_core) for _printf_core
    printf8.o(i.__0vfprintf$8) refers to usart0.o(i.fputc) for fputc
    printf8.o(i.__0vprintf$8) refers to printf8.o(i._printf_core) for _printf_core
    printf8.o(i.__0vprintf$8) refers to usart0.o(i.fputc) for fputc
    printf8.o(i.__0vprintf$8) refers to stdout.o(.data) for __stdout
    printf8.o(i.__0vsnprintf$8) refers to printf8.o(i._printf_core) for _printf_core
    printf8.o(i.__0vsnprintf$8) refers to printf8.o(i._snputc) for _snputc
    printf8.o(i.__0vsprintf$8) refers to printf8.o(i._printf_core) for _printf_core
    printf8.o(i.__0vsprintf$8) refers to printf8.o(i._sputc) for _sputc
    printf8.o(i._printf_core) refers to printf8.o(i._printf_pre_padding) for _printf_pre_padding
    printf8.o(i._printf_core) refers to uldiv.o(.text) for __aeabi_uldivmod
    printf8.o(i._printf_core) refers to printf8.o(i._printf_post_padding) for _printf_post_padding
    printfa.o(i.__0fprintf) refers (Special) to iusefp.o(.text) for __I$use$fp
    printfa.o(i.__0fprintf) refers to printfa.o(i._printf_core) for _printf_core
    printfa.o(i.__0fprintf) refers to usart0.o(i.fputc) for fputc
    printfa.o(i.__0printf) refers (Special) to iusefp.o(.text) for __I$use$fp
    printfa.o(i.__0printf) refers to printfa.o(i._printf_core) for _printf_core
    printfa.o(i.__0printf) refers to usart0.o(i.fputc) for fputc
    printfa.o(i.__0printf) refers to stdout.o(.data) for __stdout
    printfa.o(i.__0snprintf) refers (Special) to iusefp.o(.text) for __I$use$fp
    printfa.o(i.__0snprintf) refers to printfa.o(i._printf_core) for _printf_core
    printfa.o(i.__0snprintf) refers to printfa.o(i._snputc) for _snputc
    printfa.o(i.__0sprintf) refers (Special) to iusefp.o(.text) for __I$use$fp
    printfa.o(i.__0sprintf) refers to printfa.o(i._printf_core) for _printf_core
    printfa.o(i.__0sprintf) refers to printfa.o(i._sputc) for _sputc
    printfa.o(i.__0vfprintf) refers (Special) to iusefp.o(.text) for __I$use$fp
    printfa.o(i.__0vfprintf) refers to printfa.o(i._printf_core) for _printf_core
    printfa.o(i.__0vfprintf) refers to usart0.o(i.fputc) for fputc
    printfa.o(i.__0vprintf) refers (Special) to iusefp.o(.text) for __I$use$fp
    printfa.o(i.__0vprintf) refers to printfa.o(i._printf_core) for _printf_core
    printfa.o(i.__0vprintf) refers to usart0.o(i.fputc) for fputc
    printfa.o(i.__0vprintf) refers to stdout.o(.data) for __stdout
    printfa.o(i.__0vsnprintf) refers (Special) to iusefp.o(.text) for __I$use$fp
    printfa.o(i.__0vsnprintf) refers to printfa.o(i._printf_core) for _printf_core
    printfa.o(i.__0vsnprintf) refers to printfa.o(i._snputc) for _snputc
    printfa.o(i.__0vsprintf) refers (Special) to iusefp.o(.text) for __I$use$fp
    printfa.o(i.__0vsprintf) refers to printfa.o(i._printf_core) for _printf_core
    printfa.o(i.__0vsprintf) refers to printfa.o(i._sputc) for _sputc
    printfa.o(i._fp_digits) refers (Special) to iusefp.o(.text) for __I$use$fp
    printfa.o(i._fp_digits) refers to dmul.o(.text) for __aeabi_dmul
    printfa.o(i._fp_digits) refers to ddiv.o(.text) for __aeabi_ddiv
    printfa.o(i._fp_digits) refers to cdrcmple.o(.text) for __aeabi_cdrcmple
    printfa.o(i._fp_digits) refers to dadd.o(.text) for __aeabi_dadd
    printfa.o(i._fp_digits) refers to dfixul.o(.text) for __aeabi_d2ulz
    printfa.o(i._fp_digits) refers to uldiv.o(.text) for __aeabi_uldivmod
    printfa.o(i._printf_core) refers (Special) to iusefp.o(.text) for __I$use$fp
    printfa.o(i._printf_core) refers to printfa.o(i._printf_pre_padding) for _printf_pre_padding
    printfa.o(i._printf_core) refers to uldiv.o(.text) for __aeabi_uldivmod
    printfa.o(i._printf_core) refers to printfa.o(i._printf_post_padding) for _printf_post_padding
    printfa.o(i._printf_core) refers to printfa.o(i._fp_digits) for _fp_digits
    printfa.o(i._printf_core) refers to uidiv.o(.text) for __aeabi_uidivmod
    printfa.o(i._printf_post_padding) refers (Special) to iusefp.o(.text) for __I$use$fp
    printfa.o(i._printf_pre_padding) refers (Special) to iusefp.o(.text) for __I$use$fp
    printfa.o(i._snputc) refers (Special) to iusefp.o(.text) for __I$use$fp
    printfa.o(i._sputc) refers (Special) to iusefp.o(.text) for __I$use$fp
    fadd.o(.text) refers (Special) to iusefp.o(.text) for __I$use$fp
    fadd.o(.text) refers to fepilogue.o(.text) for _float_epilogue
    fmul.o(.text) refers (Special) to iusefp.o(.text) for __I$use$fp
    fdiv.o(.text) refers (Special) to iusefp.o(.text) for __I$use$fp
    fdiv.o(.text) refers to fepilogue.o(.text) for _float_round
    dmul.o(.text) refers (Special) to iusefp.o(.text) for __I$use$fp
    dmul.o(.text) refers to depilogue.o(.text) for _double_epilogue
    ddiv.o(.text) refers (Special) to iusefp.o(.text) for __I$use$fp
    ddiv.o(.text) refers to depilogue.o(.text) for _double_round
    fflti.o(.text) refers (Special) to iusefp.o(.text) for __I$use$fp
    fflti.o(.text) refers to fepilogue.o(.text) for _float_epilogue
    ffltui.o(.text) refers (Special) to iusefp.o(.text) for __I$use$fp
    ffltui.o(.text) refers to fepilogue.o(.text) for _float_epilogue
    dflti.o(.text) refers (Special) to iusefp.o(.text) for __I$use$fp
    dflti.o(.text) refers to depilogue.o(.text) for _double_epilogue
    dfltui.o(.text) refers (Special) to iusefp.o(.text) for __I$use$fp
    dfltui.o(.text) refers to depilogue.o(.text) for _double_epilogue
    ffixi.o(.text) refers (Special) to iusefp.o(.text) for __I$use$fp
    ffixui.o(.text) refers (Special) to iusefp.o(.text) for __I$use$fp
    dfixui.o(.text) refers (Special) to iusefp.o(.text) for __I$use$fp
    dfixui.o(.text) refers to llushr.o(.text) for __aeabi_llsr
    f2d.o(.text) refers (Special) to iusefp.o(.text) for __I$use$fp
    cdcmple.o(.text) refers (Special) to iusefp.o(.text) for __I$use$fp
    cdrcmple.o(.text) refers (Special) to iusefp.o(.text) for __I$use$fp
    d2f.o(.text) refers (Special) to iusefp.o(.text) for __I$use$fp
    d2f.o(.text) refers to fepilogue.o(.text) for _float_round
    entry2.o(.ARM.Collect$$$$00000001) refers to entry2.o(.ARM.Collect$$$$00002712) for __lit__00000000
    entry2.o(.ARM.Collect$$$$00002712) refers to startup_gd32f10x_hd.o(STACK) for __initial_sp
    entry2.o(__vectab_stack_and_reset_area) refers to startup_gd32f10x_hd.o(STACK) for __initial_sp
    entry2.o(__vectab_stack_and_reset_area) refers to entry.o(.ARM.Collect$$$$00000000) for __main
    entry5.o(.ARM.Collect$$$$00000004) refers to init.o(.text) for __scatterload
    entry9a.o(.ARM.Collect$$$$0000000B) refers to main.o(i.main) for main
    entry9b.o(.ARM.Collect$$$$0000000C) refers to main.o(i.main) for main
    uldiv.o(.text) refers to llushr.o(.text) for __aeabi_llsr
    uldiv.o(.text) refers to llshl.o(.text) for __aeabi_llsl
    errno.o(i.__aeabi_errno_addr) refers to errno.o(.data) for .data
    errno.o(i.__read_errno) refers to errno.o(.data) for .data
    errno.o(i.__set_errno) refers to errno.o(.data) for .data
    depilogue.o(.text) refers to llshl.o(.text) for __aeabi_llsl
    depilogue.o(.text) refers to llushr.o(.text) for __aeabi_llsr
    dadd.o(.text) refers to llshl.o(.text) for __aeabi_llsl
    dadd.o(.text) refers to llsshr.o(.text) for __aeabi_lasr
    dadd.o(.text) refers to depilogue.o(.text) for _double_epilogue
    dsqrt.o(.text) refers to llushr.o(.text) for __aeabi_llsr
    dsqrt.o(.text) refers to depilogue.o(.text) for _double_round
    dfixul.o(.text) refers to llushr.o(.text) for __aeabi_llsr
    dfixul.o(.text) refers to llshl.o(.text) for __aeabi_llsl
    init.o(.text) refers to entry5.o(.ARM.Collect$$$$00000004) for __main_after_scatterload


==============================================================================

Removing Unused input sections from the image.

    Removing startup_gd32f10x_hd.o(HEAP), (512 bytes).
    Removing system_gd32f10x.o(.rev16_text), (4 bytes).
    Removing system_gd32f10x.o(.revsh_text), (4 bytes).
    Removing system_gd32f10x.o(.data), (4 bytes).
    Removing main.o(.rev16_text), (4 bytes).
    Removing main.o(.revsh_text), (4 bytes).
    Removing systick.o(.rev16_text), (4 bytes).
    Removing systick.o(.revsh_text), (4 bytes).
    Removing systick.o(i.Delay_Us), (76 bytes).
    Removing gd32f10x_gpio.o(.rev16_text), (4 bytes).
    Removing gd32f10x_gpio.o(.revsh_text), (4 bytes).
    Removing gd32f10x_gpio.o(i.gpio_afio_deinit), (20 bytes).
    Removing gd32f10x_gpio.o(i.gpio_bit_reset), (4 bytes).
    Removing gd32f10x_gpio.o(i.gpio_bit_set), (4 bytes).
    Removing gd32f10x_gpio.o(i.gpio_bit_write), (10 bytes).
    Removing gd32f10x_gpio.o(i.gpio_deinit), (196 bytes).
    Removing gd32f10x_gpio.o(i.gpio_event_output_config), (28 bytes).
    Removing gd32f10x_gpio.o(i.gpio_event_output_disable), (20 bytes).
    Removing gd32f10x_gpio.o(i.gpio_event_output_enable), (20 bytes).
    Removing gd32f10x_gpio.o(i.gpio_exti_source_select), (152 bytes).
    Removing gd32f10x_gpio.o(i.gpio_input_bit_get), (16 bytes).
    Removing gd32f10x_gpio.o(i.gpio_input_port_get), (8 bytes).
    Removing gd32f10x_gpio.o(i.gpio_output_bit_get), (16 bytes).
    Removing gd32f10x_gpio.o(i.gpio_output_port_get), (8 bytes).
    Removing gd32f10x_gpio.o(i.gpio_pin_lock), (18 bytes).
    Removing gd32f10x_gpio.o(i.gpio_pin_remap_config), (144 bytes).
    Removing gd32f10x_gpio.o(i.gpio_port_write), (4 bytes).
    Removing gd32f10x_rcu.o(.rev16_text), (4 bytes).
    Removing gd32f10x_rcu.o(.revsh_text), (4 bytes).
    Removing gd32f10x_rcu.o(i.rcu_adc_clock_config), (72 bytes).
    Removing gd32f10x_rcu.o(i.rcu_ahb_clock_config), (24 bytes).
    Removing gd32f10x_rcu.o(i.rcu_all_reset_flag_clear), (20 bytes).
    Removing gd32f10x_rcu.o(i.rcu_apb1_clock_config), (24 bytes).
    Removing gd32f10x_rcu.o(i.rcu_apb2_clock_config), (24 bytes).
    Removing gd32f10x_rcu.o(i.rcu_bkp_reset_disable), (20 bytes).
    Removing gd32f10x_rcu.o(i.rcu_bkp_reset_enable), (20 bytes).
    Removing gd32f10x_rcu.o(i.rcu_ckout0_config), (24 bytes).
    Removing gd32f10x_rcu.o(i.rcu_deepsleep_voltage_set), (16 bytes).
    Removing gd32f10x_rcu.o(i.rcu_deinit), (88 bytes).
    Removing gd32f10x_rcu.o(i.rcu_flag_get), (36 bytes).
    Removing gd32f10x_rcu.o(i.rcu_hxtal_clock_monitor_disable), (20 bytes).
    Removing gd32f10x_rcu.o(i.rcu_hxtal_clock_monitor_enable), (20 bytes).
    Removing gd32f10x_rcu.o(i.rcu_interrupt_disable), (32 bytes).
    Removing gd32f10x_rcu.o(i.rcu_interrupt_enable), (32 bytes).
    Removing gd32f10x_rcu.o(i.rcu_interrupt_flag_clear), (32 bytes).
    Removing gd32f10x_rcu.o(i.rcu_interrupt_flag_get), (36 bytes).
    Removing gd32f10x_rcu.o(i.rcu_irc8m_adjust_value_set), (28 bytes).
    Removing gd32f10x_rcu.o(i.rcu_osci_bypass_mode_disable), (92 bytes).
    Removing gd32f10x_rcu.o(i.rcu_osci_bypass_mode_enable), (92 bytes).
    Removing gd32f10x_rcu.o(i.rcu_osci_off), (32 bytes).
    Removing gd32f10x_rcu.o(i.rcu_osci_on), (32 bytes).
    Removing gd32f10x_rcu.o(i.rcu_osci_stab_wait), (224 bytes).
    Removing gd32f10x_rcu.o(i.rcu_periph_clock_disable), (32 bytes).
    Removing gd32f10x_rcu.o(i.rcu_periph_clock_sleep_disable), (32 bytes).
    Removing gd32f10x_rcu.o(i.rcu_periph_clock_sleep_enable), (32 bytes).
    Removing gd32f10x_rcu.o(i.rcu_pll_config), (32 bytes).
    Removing gd32f10x_rcu.o(i.rcu_predv0_config), (32 bytes).
    Removing gd32f10x_rcu.o(i.rcu_rtc_clock_config), (24 bytes).
    Removing gd32f10x_rcu.o(i.rcu_system_clock_source_config), (24 bytes).
    Removing gd32f10x_rcu.o(i.rcu_system_clock_source_get), (16 bytes).
    Removing gd32f10x_rcu.o(i.rcu_usb_clock_config), (24 bytes).
    Removing gd32f10x_misc.o(.rev16_text), (4 bytes).
    Removing gd32f10x_misc.o(.revsh_text), (4 bytes).
    Removing gd32f10x_misc.o(i.nvic_irq_disable), (24 bytes).
    Removing gd32f10x_misc.o(i.nvic_irq_enable), (172 bytes).
    Removing gd32f10x_misc.o(i.nvic_priority_group_set), (20 bytes).
    Removing gd32f10x_misc.o(i.system_lowpower_reset), (16 bytes).
    Removing gd32f10x_misc.o(i.system_lowpower_set), (16 bytes).
    Removing gd32f10x_misc.o(i.systick_clksource_set), (40 bytes).
    Removing gd32f10x_dma.o(.rev16_text), (4 bytes).
    Removing gd32f10x_dma.o(.revsh_text), (4 bytes).
    Removing gd32f10x_dma.o(i.dma_channel_disable), (50 bytes).
    Removing gd32f10x_dma.o(i.dma_channel_enable), (50 bytes).
    Removing gd32f10x_dma.o(i.dma_circulation_disable), (50 bytes).
    Removing gd32f10x_dma.o(i.dma_circulation_enable), (50 bytes).
    Removing gd32f10x_dma.o(i.dma_deinit), (112 bytes).
    Removing gd32f10x_dma.o(i.dma_flag_clear), (16 bytes).
    Removing gd32f10x_dma.o(i.dma_flag_get), (24 bytes).
    Removing gd32f10x_dma.o(i.dma_init), (302 bytes).
    Removing gd32f10x_dma.o(i.dma_interrupt_disable), (50 bytes).
    Removing gd32f10x_dma.o(i.dma_interrupt_enable), (50 bytes).
    Removing gd32f10x_dma.o(i.dma_interrupt_flag_clear), (16 bytes).
    Removing gd32f10x_dma.o(i.dma_interrupt_flag_get), (130 bytes).
    Removing gd32f10x_dma.o(i.dma_memory_address_config), (36 bytes).
    Removing gd32f10x_dma.o(i.dma_memory_increase_disable), (50 bytes).
    Removing gd32f10x_dma.o(i.dma_memory_increase_enable), (50 bytes).
    Removing gd32f10x_dma.o(i.dma_memory_to_memory_disable), (50 bytes).
    Removing gd32f10x_dma.o(i.dma_memory_to_memory_enable), (50 bytes).
    Removing gd32f10x_dma.o(i.dma_memory_width_config), (58 bytes).
    Removing gd32f10x_dma.o(i.dma_periph_address_config), (36 bytes).
    Removing gd32f10x_dma.o(i.dma_periph_and_channel_check), (24 bytes).
    Removing gd32f10x_dma.o(i.dma_periph_increase_disable), (50 bytes).
    Removing gd32f10x_dma.o(i.dma_periph_increase_enable), (50 bytes).
    Removing gd32f10x_dma.o(i.dma_periph_width_config), (58 bytes).
    Removing gd32f10x_dma.o(i.dma_priority_config), (58 bytes).
    Removing gd32f10x_dma.o(i.dma_struct_para_init), (22 bytes).
    Removing gd32f10x_dma.o(i.dma_transfer_direction_config), (84 bytes).
    Removing gd32f10x_dma.o(i.dma_transfer_number_config), (38 bytes).
    Removing gd32f10x_dma.o(i.dma_transfer_number_get), (34 bytes).
    Removing gd32f10x_usart.o(.rev16_text), (4 bytes).
    Removing gd32f10x_usart.o(.revsh_text), (4 bytes).
    Removing gd32f10x_usart.o(i.usart_address_config), (20 bytes).
    Removing gd32f10x_usart.o(i.usart_data_receive), (10 bytes).
    Removing gd32f10x_usart.o(i.usart_disable), (10 bytes).
    Removing gd32f10x_usart.o(i.usart_dma_receive_config), (20 bytes).
    Removing gd32f10x_usart.o(i.usart_dma_transmit_config), (20 bytes).
    Removing gd32f10x_usart.o(i.usart_flag_clear), (18 bytes).
    Removing gd32f10x_usart.o(i.usart_guard_time_config), (24 bytes).
    Removing gd32f10x_usart.o(i.usart_halfduplex_disable), (10 bytes).
    Removing gd32f10x_usart.o(i.usart_halfduplex_enable), (10 bytes).
    Removing gd32f10x_usart.o(i.usart_interrupt_disable), (26 bytes).
    Removing gd32f10x_usart.o(i.usart_interrupt_enable), (26 bytes).
    Removing gd32f10x_usart.o(i.usart_interrupt_flag_clear), (18 bytes).
    Removing gd32f10x_usart.o(i.usart_interrupt_flag_get), (56 bytes).
    Removing gd32f10x_usart.o(i.usart_irda_lowpower_config), (20 bytes).
    Removing gd32f10x_usart.o(i.usart_irda_mode_disable), (10 bytes).
    Removing gd32f10x_usart.o(i.usart_irda_mode_enable), (10 bytes).
    Removing gd32f10x_usart.o(i.usart_lin_break_detection_length_config), (20 bytes).
    Removing gd32f10x_usart.o(i.usart_lin_mode_disable), (10 bytes).
    Removing gd32f10x_usart.o(i.usart_lin_mode_enable), (10 bytes).
    Removing gd32f10x_usart.o(i.usart_mute_mode_disable), (10 bytes).
    Removing gd32f10x_usart.o(i.usart_mute_mode_enable), (10 bytes).
    Removing gd32f10x_usart.o(i.usart_mute_mode_wakeup_config), (16 bytes).
    Removing gd32f10x_usart.o(i.usart_prescaler_config), (16 bytes).
    Removing gd32f10x_usart.o(i.usart_send_break), (10 bytes).
    Removing gd32f10x_usart.o(i.usart_smartcard_mode_disable), (10 bytes).
    Removing gd32f10x_usart.o(i.usart_smartcard_mode_enable), (10 bytes).
    Removing gd32f10x_usart.o(i.usart_smartcard_mode_nack_disable), (10 bytes).
    Removing gd32f10x_usart.o(i.usart_smartcard_mode_nack_enable), (10 bytes).
    Removing gd32f10x_usart.o(i.usart_synchronous_clock_config), (34 bytes).
    Removing gd32f10x_usart.o(i.usart_synchronous_clock_disable), (10 bytes).
    Removing gd32f10x_usart.o(i.usart_synchronous_clock_enable), (10 bytes).
    Removing gd32f10x_i2c.o(.rev16_text), (4 bytes).
    Removing gd32f10x_i2c.o(.revsh_text), (4 bytes).
    Removing gd32f10x_i2c.o(i.i2c_ack_config), (16 bytes).
    Removing gd32f10x_i2c.o(i.i2c_ackpos_config), (16 bytes).
    Removing gd32f10x_i2c.o(i.i2c_clock_config), (228 bytes).
    Removing gd32f10x_i2c.o(i.i2c_data_receive), (8 bytes).
    Removing gd32f10x_i2c.o(i.i2c_data_transmit), (6 bytes).
    Removing gd32f10x_i2c.o(i.i2c_deinit), (64 bytes).
    Removing gd32f10x_i2c.o(i.i2c_disable), (10 bytes).
    Removing gd32f10x_i2c.o(i.i2c_dma_config), (16 bytes).
    Removing gd32f10x_i2c.o(i.i2c_dma_last_transfer_config), (16 bytes).
    Removing gd32f10x_i2c.o(i.i2c_dualaddr_disable), (10 bytes).
    Removing gd32f10x_i2c.o(i.i2c_dualaddr_enable), (12 bytes).
    Removing gd32f10x_i2c.o(i.i2c_enable), (10 bytes).
    Removing gd32f10x_i2c.o(i.i2c_flag_clear), (40 bytes).
    Removing gd32f10x_i2c.o(i.i2c_flag_get), (30 bytes).
    Removing gd32f10x_i2c.o(i.i2c_interrupt_disable), (26 bytes).
    Removing gd32f10x_i2c.o(i.i2c_interrupt_enable), (26 bytes).
    Removing gd32f10x_i2c.o(i.i2c_interrupt_flag_clear), (44 bytes).
    Removing gd32f10x_i2c.o(i.i2c_interrupt_flag_get), (92 bytes).
    Removing gd32f10x_i2c.o(i.i2c_master_addressing), (20 bytes).
    Removing gd32f10x_i2c.o(i.i2c_mode_addr_config), (28 bytes).
    Removing gd32f10x_i2c.o(i.i2c_pec_config), (16 bytes).
    Removing gd32f10x_i2c.o(i.i2c_pec_transfer_config), (16 bytes).
    Removing gd32f10x_i2c.o(i.i2c_pec_value_get), (10 bytes).
    Removing gd32f10x_i2c.o(i.i2c_slave_response_to_gcall_config), (16 bytes).
    Removing gd32f10x_i2c.o(i.i2c_smbus_alert_config), (16 bytes).
    Removing gd32f10x_i2c.o(i.i2c_smbus_arp_config), (16 bytes).
    Removing gd32f10x_i2c.o(i.i2c_smbus_type_config), (24 bytes).
    Removing gd32f10x_i2c.o(i.i2c_software_reset_config), (16 bytes).
    Removing gd32f10x_i2c.o(i.i2c_start_on_bus), (10 bytes).
    Removing gd32f10x_i2c.o(i.i2c_stop_on_bus), (10 bytes).
    Removing gd32f10x_i2c.o(i.i2c_stretch_scl_low_config), (16 bytes).
    Removing gd32f10x_exmc.o(.rev16_text), (4 bytes).
    Removing gd32f10x_exmc.o(.revsh_text), (4 bytes).
    Removing gd32f10x_exmc.o(i.exmc_ecc_get), (12 bytes).
    Removing gd32f10x_exmc.o(i.exmc_flag_clear), (20 bytes).
    Removing gd32f10x_exmc.o(i.exmc_flag_get), (28 bytes).
    Removing gd32f10x_exmc.o(i.exmc_interrupt_disable), (20 bytes).
    Removing gd32f10x_exmc.o(i.exmc_interrupt_enable), (20 bytes).
    Removing gd32f10x_exmc.o(i.exmc_interrupt_flag_clear), (22 bytes).
    Removing gd32f10x_exmc.o(i.exmc_interrupt_flag_get), (38 bytes).
    Removing gd32f10x_exmc.o(i.exmc_nand_deinit), (42 bytes).
    Removing gd32f10x_exmc.o(i.exmc_nand_disable), (22 bytes).
    Removing gd32f10x_exmc.o(i.exmc_nand_ecc_config), (48 bytes).
    Removing gd32f10x_exmc.o(i.exmc_nand_enable), (22 bytes).
    Removing gd32f10x_exmc.o(i.exmc_nand_init), (174 bytes).
    Removing gd32f10x_exmc.o(i.exmc_nand_struct_para_init), (54 bytes).
    Removing gd32f10x_exmc.o(i.exmc_norsram_deinit), (52 bytes).
    Removing gd32f10x_exmc.o(i.exmc_norsram_disable), (22 bytes).
    Removing gd32f10x_exmc.o(i.exmc_norsram_enable), (22 bytes).
    Removing gd32f10x_exmc.o(i.exmc_norsram_init), (268 bytes).
    Removing gd32f10x_exmc.o(i.exmc_norsram_struct_para_init), (106 bytes).
    Removing gd32f10x_exmc.o(i.exmc_pccard_deinit), (40 bytes).
    Removing gd32f10x_exmc.o(i.exmc_pccard_disable), (24 bytes).
    Removing gd32f10x_exmc.o(i.exmc_pccard_enable), (24 bytes).
    Removing gd32f10x_exmc.o(i.exmc_pccard_init), (192 bytes).
    Removing gd32f10x_exmc.o(i.exmc_pccard_struct_para_init), (60 bytes).
    Removing gd32f10x_fmc.o(.rev16_text), (4 bytes).
    Removing gd32f10x_fmc.o(.revsh_text), (4 bytes).
    Removing gd32f10x_fmc.o(i.fmc_bank0_erase), (68 bytes).
    Removing gd32f10x_fmc.o(i.fmc_bank0_lock), (20 bytes).
    Removing gd32f10x_fmc.o(i.fmc_bank0_ready_wait), (34 bytes).
    Removing gd32f10x_fmc.o(i.fmc_bank0_state_get), (48 bytes).
    Removing gd32f10x_fmc.o(i.fmc_bank0_unlock), (36 bytes).
    Removing gd32f10x_fmc.o(i.fmc_bank1_erase), (68 bytes).
    Removing gd32f10x_fmc.o(i.fmc_bank1_lock), (20 bytes).
    Removing gd32f10x_fmc.o(i.fmc_bank1_ready_wait), (34 bytes).
    Removing gd32f10x_fmc.o(i.fmc_bank1_state_get), (48 bytes).
    Removing gd32f10x_fmc.o(i.fmc_bank1_unlock), (36 bytes).
    Removing gd32f10x_fmc.o(i.fmc_flag_clear), (32 bytes).
    Removing gd32f10x_fmc.o(i.fmc_flag_get), (36 bytes).
    Removing gd32f10x_fmc.o(i.fmc_halfword_program), (192 bytes).
    Removing gd32f10x_fmc.o(i.fmc_interrupt_disable), (32 bytes).
    Removing gd32f10x_fmc.o(i.fmc_interrupt_enable), (32 bytes).
    Removing gd32f10x_fmc.o(i.fmc_interrupt_flag_clear), (32 bytes).
    Removing gd32f10x_fmc.o(i.fmc_interrupt_flag_get), (108 bytes).
    Removing gd32f10x_fmc.o(i.fmc_lock), (44 bytes).
    Removing gd32f10x_fmc.o(i.fmc_mass_erase), (196 bytes).
    Removing gd32f10x_fmc.o(i.fmc_page_erase), (236 bytes).
    Removing gd32f10x_fmc.o(i.fmc_unlock), (68 bytes).
    Removing gd32f10x_fmc.o(i.fmc_word_program), (192 bytes).
    Removing gd32f10x_fmc.o(i.fmc_wscnt_set), (24 bytes).
    Removing gd32f10x_fmc.o(i.ob_data_get), (16 bytes).
    Removing gd32f10x_fmc.o(i.ob_data_program), (68 bytes).
    Removing gd32f10x_fmc.o(i.ob_erase), (140 bytes).
    Removing gd32f10x_fmc.o(i.ob_lock), (20 bytes).
    Removing gd32f10x_fmc.o(i.ob_security_protection_config), (132 bytes).
    Removing gd32f10x_fmc.o(i.ob_spc_get), (24 bytes).
    Removing gd32f10x_fmc.o(i.ob_unlock), (48 bytes).
    Removing gd32f10x_fmc.o(i.ob_user_get), (16 bytes).
    Removing gd32f10x_fmc.o(i.ob_user_write), (96 bytes).
    Removing gd32f10x_fmc.o(i.ob_write_protection_enable), (168 bytes).
    Removing gd32f10x_fmc.o(i.ob_write_protection_get), (12 bytes).
    Removing gd32f10x_timer.o(.rev16_text), (4 bytes).
    Removing gd32f10x_timer.o(.revsh_text), (4 bytes).
    Removing gd32f10x_timer.o(i.timer_auto_reload_shadow_disable), (10 bytes).
    Removing gd32f10x_timer.o(i.timer_auto_reload_shadow_enable), (10 bytes).
    Removing gd32f10x_timer.o(i.timer_automatic_output_disable), (10 bytes).
    Removing gd32f10x_timer.o(i.timer_automatic_output_enable), (10 bytes).
    Removing gd32f10x_timer.o(i.timer_autoreload_value_config), (4 bytes).
    Removing gd32f10x_timer.o(i.timer_break_config), (30 bytes).
    Removing gd32f10x_timer.o(i.timer_break_disable), (10 bytes).
    Removing gd32f10x_timer.o(i.timer_break_enable), (10 bytes).
    Removing gd32f10x_timer.o(i.timer_break_struct_para_init), (18 bytes).
    Removing gd32f10x_timer.o(i.timer_channel_capture_value_register_read), (42 bytes).
    Removing gd32f10x_timer.o(i.timer_channel_complementary_output_polarity_config), (70 bytes).
    Removing gd32f10x_timer.o(i.timer_channel_complementary_output_state_config), (70 bytes).
    Removing gd32f10x_timer.o(i.timer_channel_control_shadow_config), (24 bytes).
    Removing gd32f10x_timer.o(i.timer_channel_control_shadow_update_config), (26 bytes).
    Removing gd32f10x_timer.o(i.timer_channel_dma_request_source_select), (26 bytes).
    Removing gd32f10x_timer.o(i.timer_channel_input_capture_prescaler_config), (90 bytes).
    Removing gd32f10x_timer.o(i.timer_channel_input_struct_para_init), (16 bytes).
    Removing gd32f10x_timer.o(i.timer_channel_output_clear_config), (90 bytes).
    Removing gd32f10x_timer.o(i.timer_channel_output_config), (492 bytes).
    Removing gd32f10x_timer.o(i.timer_channel_output_fast_config), (90 bytes).
    Removing gd32f10x_timer.o(i.timer_channel_output_mode_config), (90 bytes).
    Removing gd32f10x_timer.o(i.timer_channel_output_polarity_config), (92 bytes).
    Removing gd32f10x_timer.o(i.timer_channel_output_pulse_value_config), (38 bytes).
    Removing gd32f10x_timer.o(i.timer_channel_output_shadow_config), (90 bytes).
    Removing gd32f10x_timer.o(i.timer_channel_output_state_config), (92 bytes).
    Removing gd32f10x_timer.o(i.timer_channel_output_struct_para_init), (16 bytes).
    Removing gd32f10x_timer.o(i.timer_counter_alignment), (16 bytes).
    Removing gd32f10x_timer.o(i.timer_counter_down_direction), (10 bytes).
    Removing gd32f10x_timer.o(i.timer_counter_read), (8 bytes).
    Removing gd32f10x_timer.o(i.timer_counter_up_direction), (10 bytes).
    Removing gd32f10x_timer.o(i.timer_counter_value_config), (4 bytes).
    Removing gd32f10x_timer.o(i.timer_deinit), (220 bytes).
    Removing gd32f10x_timer.o(i.timer_disable), (10 bytes).
    Removing gd32f10x_timer.o(i.timer_dma_disable), (8 bytes).
    Removing gd32f10x_timer.o(i.timer_dma_enable), (8 bytes).
    Removing gd32f10x_timer.o(i.timer_dma_transfer_config), (24 bytes).
    Removing gd32f10x_timer.o(i.timer_enable), (10 bytes).
    Removing gd32f10x_timer.o(i.timer_event_software_generate), (8 bytes).
    Removing gd32f10x_timer.o(i.timer_external_clock_mode0_config), (40 bytes).
    Removing gd32f10x_timer.o(i.timer_external_clock_mode1_config), (32 bytes).
    Removing gd32f10x_timer.o(i.timer_external_clock_mode1_disable), (10 bytes).
    Removing gd32f10x_timer.o(i.timer_external_trigger_as_external_clock_config), (166 bytes).
    Removing gd32f10x_timer.o(i.timer_external_trigger_config), (30 bytes).
    Removing gd32f10x_timer.o(i.timer_flag_clear), (6 bytes).
    Removing gd32f10x_timer.o(i.timer_flag_get), (16 bytes).
    Removing gd32f10x_timer.o(i.timer_hall_mode_config), (26 bytes).
    Removing gd32f10x_timer.o(i.timer_init), (224 bytes).
    Removing gd32f10x_timer.o(i.timer_input_capture_config), (326 bytes).
    Removing gd32f10x_timer.o(i.timer_input_pwm_capture_config), (356 bytes).
    Removing gd32f10x_timer.o(i.timer_input_trigger_source_select), (16 bytes).
    Removing gd32f10x_timer.o(i.timer_internal_clock_config), (10 bytes).
    Removing gd32f10x_timer.o(i.timer_internal_trigger_as_external_clock_config), (32 bytes).
    Removing gd32f10x_timer.o(i.timer_interrupt_disable), (8 bytes).
    Removing gd32f10x_timer.o(i.timer_interrupt_enable), (8 bytes).
    Removing gd32f10x_timer.o(i.timer_master_output_trigger_source_select), (16 bytes).
    Removing gd32f10x_timer.o(i.timer_master_slave_mode_config), (26 bytes).
    Removing gd32f10x_timer.o(i.timer_prescaler_config), (16 bytes).
    Removing gd32f10x_timer.o(i.timer_prescaler_read), (10 bytes).
    Removing gd32f10x_timer.o(i.timer_primary_output_config), (24 bytes).
    Removing gd32f10x_timer.o(i.timer_quadrature_decoder_mode_config), (64 bytes).
    Removing gd32f10x_timer.o(i.timer_repetition_value_config), (4 bytes).
    Removing gd32f10x_timer.o(i.timer_single_pulse_mode_config), (26 bytes).
    Removing gd32f10x_timer.o(i.timer_slave_mode_select), (16 bytes).
    Removing gd32f10x_timer.o(i.timer_struct_para_init), (22 bytes).
    Removing gd32f10x_timer.o(i.timer_update_event_disable), (10 bytes).
    Removing gd32f10x_timer.o(i.timer_update_event_enable), (10 bytes).
    Removing gd32f10x_timer.o(i.timer_update_source_config), (26 bytes).
    Removing usart0.o(.rev16_text), (4 bytes).
    Removing usart0.o(.revsh_text), (4 bytes).
    Removing usart0.o(.bss), (256 bytes).
    Removing usart0.o(.data), (2 bytes).
    Removing iic.o(.rev16_text), (4 bytes).
    Removing iic.o(.revsh_text), (4 bytes).
    Removing iic.o(i.I2C_ACK_NACK), (64 bytes).
    Removing iic.o(i.I2C_Config_Init), (60 bytes).
    Removing iic.o(i.I2C_GPIO_Init), (48 bytes).
    Removing iic.o(i.I2C_Init), (8 bytes).
    Removing iic.o(i.I2C_Read_Byte), (84 bytes).
    Removing iic.o(i.I2C_Start), (44 bytes).
    Removing iic.o(i.I2C_Stop), (52 bytes).
    Removing iic.o(i.I2C_Wait_ACK), (60 bytes).
    Removing iic.o(i.I2C_Write_Byte), (76 bytes).
    Removing led.o(.rev16_text), (4 bytes).
    Removing led.o(.revsh_text), (4 bytes).
    Removing exmc.o(.rev16_text), (4 bytes).
    Removing exmc.o(.revsh_text), (4 bytes).
    Removing exmc.o(i.EXMC_Config_Init), (94 bytes).
    Removing exmc.o(i.EXMC_GPIO_Init), (92 bytes).
    Removing lcd.o(.rev16_text), (4 bytes).
    Removing lcd.o(.revsh_text), (4 bytes).
    Removing lcd.o(i.LCD_Clear), (48 bytes).
    Removing lcd.o(i.LCD_Color_Fill), (54 bytes).
    Removing lcd.o(i.LCD_Command_Write), (12 bytes).
    Removing lcd.o(i.LCD_Draw_Circle), (170 bytes).
    Removing lcd.o(i.LCD_Init), (366 bytes).
    Removing lcd.o(i.LCD_Point_Set), (48 bytes).
    Removing lcd.o(i.LCD_Register_Write), (16 bytes).
    Removing xpt2046.o(.rev16_text), (4 bytes).
    Removing xpt2046.o(.revsh_text), (4 bytes).
    Removing xpt2046.o(i.Xpt2046_GPIO_Init), (108 bytes).
    Removing xpt2046.o(i.Xpt2046_Read_AD), (60 bytes).
    Removing xpt2046.o(i.Xpt2046_Read_Byte), (72 bytes).
    Removing xpt2046.o(i.Xpt2046_Read_XY_AD), (220 bytes).
    Removing xpt2046.o(i.Xpt2046_Scan_Touch), (240 bytes).
    Removing xpt2046.o(i.Xpt2046_TouchAdjust), (1188 bytes).
    Removing xpt2046.o(i.Xpt2046_Write_Byte), (64 bytes).
    Removing xpt2046.o(.constdata), (16 bytes).
    Removing xpt2046.o(.data), (13 bytes).
    Removing fmc.o(.rev16_text), (4 bytes).
    Removing fmc.o(.revsh_text), (4 bytes).
    Removing fmc.o(i.FMC_Flash_Read), (40 bytes).
    Removing fmc.o(i.FMC_Flash_Write), (64 bytes).
    Removing tim.o(.rev16_text), (4 bytes).
    Removing tim.o(.revsh_text), (4 bytes).
    Removing tim.o(i.Tim6_Init), (100 bytes).
    Removing at24cxx.o(.rev16_text), (4 bytes).
    Removing at24cxx.o(.revsh_text), (4 bytes).
    Removing at24cxx.o(i.AT24CXX_Check), (54 bytes).
    Removing at24cxx.o(i.AT24CXX_Read_One_Byte), (88 bytes).
    Removing at24cxx.o(i.AT24CXX_Write_One_Byte), (80 bytes).
    Removing segger_rtt.o(i.SEGGER_RTT_AllocDownBuffer), (200 bytes).
    Removing segger_rtt.o(i.SEGGER_RTT_AllocUpBuffer), (200 bytes).
    Removing segger_rtt.o(i.SEGGER_RTT_ConfigDownBuffer), (120 bytes).
    Removing segger_rtt.o(i.SEGGER_RTT_ConfigUpBuffer), (120 bytes).
    Removing segger_rtt.o(i.SEGGER_RTT_GetAvailWriteSpace), (28 bytes).
    Removing segger_rtt.o(i.SEGGER_RTT_GetBytesInBuffer), (68 bytes).
    Removing segger_rtt.o(i.SEGGER_RTT_GetKey), (32 bytes).
    Removing segger_rtt.o(i.SEGGER_RTT_HasData), (28 bytes).
    Removing segger_rtt.o(i.SEGGER_RTT_HasDataUp), (28 bytes).
    Removing segger_rtt.o(i.SEGGER_RTT_HasKey), (48 bytes).
    Removing segger_rtt.o(i.SEGGER_RTT_Init), (8 bytes).
    Removing segger_rtt.o(i.SEGGER_RTT_PutChar), (128 bytes).
    Removing segger_rtt.o(i.SEGGER_RTT_PutCharSkip), (116 bytes).
    Removing segger_rtt.o(i.SEGGER_RTT_PutCharSkipNoLock), (56 bytes).
    Removing segger_rtt.o(i.SEGGER_RTT_Read), (56 bytes).
    Removing segger_rtt.o(i.SEGGER_RTT_ReadNoLock), (172 bytes).
    Removing segger_rtt.o(i.SEGGER_RTT_ReadUpBuffer), (56 bytes).
    Removing segger_rtt.o(i.SEGGER_RTT_ReadUpBufferNoLock), (172 bytes).
    Removing segger_rtt.o(i.SEGGER_RTT_SetFlagsDownBuffer), (96 bytes).
    Removing segger_rtt.o(i.SEGGER_RTT_SetFlagsUpBuffer), (96 bytes).
    Removing segger_rtt.o(i.SEGGER_RTT_SetNameDownBuffer), (96 bytes).
    Removing segger_rtt.o(i.SEGGER_RTT_SetNameUpBuffer), (96 bytes).
    Removing segger_rtt.o(i.SEGGER_RTT_SetTerminal), (160 bytes).
    Removing segger_rtt.o(i.SEGGER_RTT_TerminalOut), (260 bytes).
    Removing segger_rtt.o(i.SEGGER_RTT_WaitKey), (14 bytes).
    Removing segger_rtt.o(i.SEGGER_RTT_Write), (76 bytes).
    Removing segger_rtt.o(i.SEGGER_RTT_WriteDownBuffer), (76 bytes).
    Removing segger_rtt.o(i.SEGGER_RTT_WriteDownBufferNoLock), (132 bytes).
    Removing segger_rtt.o(i.SEGGER_RTT_WriteNoLock), (132 bytes).
    Removing segger_rtt.o(i.SEGGER_RTT_WriteSkipNoLock), (160 bytes).
    Removing segger_rtt.o(i.SEGGER_RTT_WriteString), (26 bytes).
    Removing segger_rtt.o(i.SEGGER_RTT_WriteWithOverwriteNoLock), (180 bytes).
    Removing segger_rtt.o(i._DoInit), (112 bytes).
    Removing segger_rtt.o(i._GetAvailWriteSpace), (28 bytes).
    Removing segger_rtt.o(i._PostTerminalSwitch), (36 bytes).
    Removing segger_rtt.o(i._WriteBlocking), (118 bytes).
    Removing segger_rtt.o(i._WriteNoCheck), (88 bytes).
    Removing segger_rtt.o(.bss), (1208 bytes).
    Removing segger_rtt.o(.constdata), (33 bytes).
    Removing segger_rtt.o(.data), (1 bytes).
    Removing segger_rtt_printf.o(i.SEGGER_RTT_printf), (34 bytes).
    Removing segger_rtt_printf.o(i.SEGGER_RTT_vprintf), (522 bytes).
    Removing segger_rtt_printf.o(i._PrintInt), (236 bytes).
    Removing segger_rtt_printf.o(i._PrintUnsigned), (236 bytes).
    Removing segger_rtt_printf.o(i._StoreChar), (68 bytes).
    Removing segger_rtt_printf.o(.constdata), (16 bytes).
    Removing fadd.o(.text), (176 bytes).
    Removing fmul.o(.text), (100 bytes).
    Removing fdiv.o(.text), (124 bytes).
    Removing fflti.o(.text), (18 bytes).
    Removing ffltui.o(.text), (10 bytes).
    Removing dflti.o(.text), (34 bytes).
    Removing ffixi.o(.text), (50 bytes).
    Removing ffixui.o(.text), (40 bytes).
    Removing f2d.o(.text), (38 bytes).
    Removing cdcmple.o(.text), (48 bytes).
    Removing d2f.o(.text), (56 bytes).
    Removing fepilogue.o(.text), (110 bytes).
    Removing dsqrt.o(.text), (162 bytes).

407 unused section(s) (total 24225 bytes) removed from the image.

==============================================================================

Image Symbol Table

    Local Symbols

    Symbol Name                              Value     Ov Type        Size  Object(Section)

    ../clib/microlib/division.c              0x00000000   Number         0  uidiv.o ABSOLUTE
    ../clib/microlib/division.c              0x00000000   Number         0  uldiv.o ABSOLUTE
    ../clib/microlib/errno.c                 0x00000000   Number         0  errno.o ABSOLUTE
    ../clib/microlib/init/entry.s            0x00000000   Number         0  entry5.o ABSOLUTE
    ../clib/microlib/init/entry.s            0x00000000   Number         0  entry7b.o ABSOLUTE
    ../clib/microlib/init/entry.s            0x00000000   Number         0  entry12b.o ABSOLUTE
    ../clib/microlib/init/entry.s            0x00000000   Number         0  entry12a.o ABSOLUTE
    ../clib/microlib/init/entry.s            0x00000000   Number         0  entry7a.o ABSOLUTE
    ../clib/microlib/init/entry.s            0x00000000   Number         0  entry11b.o ABSOLUTE
    ../clib/microlib/init/entry.s            0x00000000   Number         0  entry11a.o ABSOLUTE
    ../clib/microlib/init/entry.s            0x00000000   Number         0  entry10b.o ABSOLUTE
    ../clib/microlib/init/entry.s            0x00000000   Number         0  entry2.o ABSOLUTE
    ../clib/microlib/init/entry.s            0x00000000   Number         0  entry.o ABSOLUTE
    ../clib/microlib/init/entry.s            0x00000000   Number         0  entry10a.o ABSOLUTE
    ../clib/microlib/init/entry.s            0x00000000   Number         0  entry9b.o ABSOLUTE
    ../clib/microlib/init/entry.s            0x00000000   Number         0  entry9a.o ABSOLUTE
    ../clib/microlib/init/entry.s            0x00000000   Number         0  entry8b.o ABSOLUTE
    ../clib/microlib/init/entry.s            0x00000000   Number         0  entry8a.o ABSOLUTE
    ../clib/microlib/longlong.c              0x00000000   Number         0  llsshr.o ABSOLUTE
    ../clib/microlib/longlong.c              0x00000000   Number         0  llushr.o ABSOLUTE
    ../clib/microlib/longlong.c              0x00000000   Number         0  llshl.o ABSOLUTE
    ../clib/microlib/printf/printf.c         0x00000000   Number         0  printf3.o ABSOLUTE
    ../clib/microlib/printf/printf.c         0x00000000   Number         0  printf4.o ABSOLUTE
    ../clib/microlib/printf/printf.c         0x00000000   Number         0  printf5.o ABSOLUTE
    ../clib/microlib/printf/printf.c         0x00000000   Number         0  printf2.o ABSOLUTE
    ../clib/microlib/printf/printf.c         0x00000000   Number         0  printf6.o ABSOLUTE
    ../clib/microlib/printf/printf.c         0x00000000   Number         0  printfa.o ABSOLUTE
    ../clib/microlib/printf/printf.c         0x00000000   Number         0  printfb.o ABSOLUTE
    ../clib/microlib/printf/printf.c         0x00000000   Number         0  printf0.o ABSOLUTE
    ../clib/microlib/printf/printf.c         0x00000000   Number         0  printf1.o ABSOLUTE
    ../clib/microlib/printf/printf.c         0x00000000   Number         0  printf8.o ABSOLUTE
    ../clib/microlib/printf/printf.c         0x00000000   Number         0  printf7.o ABSOLUTE
    ../clib/microlib/printf/stubs.s          0x00000000   Number         0  stubs.o ABSOLUTE
    ../clib/microlib/stdio/streams.c         0x00000000   Number         0  stdout.o ABSOLUTE
    ../clib/microlib/string/memcpy.c         0x00000000   Number         0  memcpyb.o ABSOLUTE
    ../clib/microlib/string/memcpy.c         0x00000000   Number         0  memcpya.o ABSOLUTE
    ../clib/microlib/string/memset.c         0x00000000   Number         0  memseta.o ABSOLUTE
    ../clib/microlib/string/strlen.c         0x00000000   Number         0  strlen.o ABSOLUTE
    ../clib/microlib/stubs.s                 0x00000000   Number         0  iusefp.o ABSOLUTE
    ../fplib/microlib/d2f.c                  0x00000000   Number         0  d2f.o ABSOLUTE
    ../fplib/microlib/f2d.c                  0x00000000   Number         0  f2d.o ABSOLUTE
    ../fplib/microlib/fpadd.c                0x00000000   Number         0  fadd.o ABSOLUTE
    ../fplib/microlib/fpadd.c                0x00000000   Number         0  dadd.o ABSOLUTE
    ../fplib/microlib/fpdiv.c                0x00000000   Number         0  ddiv.o ABSOLUTE
    ../fplib/microlib/fpdiv.c                0x00000000   Number         0  fdiv.o ABSOLUTE
    ../fplib/microlib/fpepilogue.c           0x00000000   Number         0  depilogue.o ABSOLUTE
    ../fplib/microlib/fpepilogue.c           0x00000000   Number         0  fepilogue.o ABSOLUTE
    ../fplib/microlib/fpfix.c                0x00000000   Number         0  ffixui.o ABSOLUTE
    ../fplib/microlib/fpfix.c                0x00000000   Number         0  dfixui.o ABSOLUTE
    ../fplib/microlib/fpfix.c                0x00000000   Number         0  dfixul.o ABSOLUTE
    ../fplib/microlib/fpfix.c                0x00000000   Number         0  ffixi.o ABSOLUTE
    ../fplib/microlib/fpflt.c                0x00000000   Number         0  ffltui.o ABSOLUTE
    ../fplib/microlib/fpflt.c                0x00000000   Number         0  fflti.o ABSOLUTE
    ../fplib/microlib/fpflt.c                0x00000000   Number         0  dflti.o ABSOLUTE
    ../fplib/microlib/fpflt.c                0x00000000   Number         0  dfltui.o ABSOLUTE
    ../fplib/microlib/fpmul.c                0x00000000   Number         0  fmul.o ABSOLUTE
    ../fplib/microlib/fpmul.c                0x00000000   Number         0  dmul.o ABSOLUTE
    ../fplib/microlib/fpsqrt.c               0x00000000   Number         0  dsqrt.o ABSOLUTE
    ../mathlib/sqrt.c                        0x00000000   Number         0  sqrt_x.o ABSOLUTE
    ../mathlib/sqrt.c                        0x00000000   Number         0  sqrt.o ABSOLUTE
    ..\CMSIS\startup_gd32f10x_hd.s           0x00000000   Number         0  startup_gd32f10x_hd.o ABSOLUTE
    ..\CMSIS\system_gd32f10x.c               0x00000000   Number         0  system_gd32f10x.o ABSOLUTE
    ..\SEGGER_RTT\SEGGER_RTT.c               0x00000000   Number         0  segger_rtt.o ABSOLUTE
    ..\SEGGER_RTT\SEGGER_RTT_printf.c        0x00000000   Number         0  segger_rtt_printf.o ABSOLUTE
    ..\STDLIB\Source\gd32f10x_dma.c          0x00000000   Number         0  gd32f10x_dma.o ABSOLUTE
    ..\STDLIB\Source\gd32f10x_exmc.c         0x00000000   Number         0  gd32f10x_exmc.o ABSOLUTE
    ..\STDLIB\Source\gd32f10x_fmc.c          0x00000000   Number         0  gd32f10x_fmc.o ABSOLUTE
    ..\STDLIB\Source\gd32f10x_gpio.c         0x00000000   Number         0  gd32f10x_gpio.o ABSOLUTE
    ..\STDLIB\Source\gd32f10x_i2c.c          0x00000000   Number         0  gd32f10x_i2c.o ABSOLUTE
    ..\STDLIB\Source\gd32f10x_misc.c         0x00000000   Number         0  gd32f10x_misc.o ABSOLUTE
    ..\STDLIB\Source\gd32f10x_rcu.c          0x00000000   Number         0  gd32f10x_rcu.o ABSOLUTE
    ..\STDLIB\Source\gd32f10x_timer.c        0x00000000   Number         0  gd32f10x_timer.o ABSOLUTE
    ..\STDLIB\Source\gd32f10x_usart.c        0x00000000   Number         0  gd32f10x_usart.o ABSOLUTE
    ..\USER\at24cxx.c                        0x00000000   Number         0  at24cxx.o ABSOLUTE
    ..\USER\exmc.c                           0x00000000   Number         0  exmc.o ABSOLUTE
    ..\USER\fmc.c                            0x00000000   Number         0  fmc.o ABSOLUTE
    ..\USER\iic.c                            0x00000000   Number         0  iic.o ABSOLUTE
    ..\USER\lcd.c                            0x00000000   Number         0  lcd.o ABSOLUTE
    ..\USER\led.c                            0x00000000   Number         0  led.o ABSOLUTE
    ..\USER\tim.c                            0x00000000   Number         0  tim.o ABSOLUTE
    ..\USER\usart0.c                         0x00000000   Number         0  usart0.o ABSOLUTE
    ..\USER\xpt2046.c                        0x00000000   Number         0  xpt2046.o ABSOLUTE
    ..\\CMSIS\\system_gd32f10x.c             0x00000000   Number         0  system_gd32f10x.o ABSOLUTE
    ..\\STDLIB\\Source\\gd32f10x_dma.c       0x00000000   Number         0  gd32f10x_dma.o ABSOLUTE
    ..\\STDLIB\\Source\\gd32f10x_exmc.c      0x00000000   Number         0  gd32f10x_exmc.o ABSOLUTE
    ..\\STDLIB\\Source\\gd32f10x_fmc.c       0x00000000   Number         0  gd32f10x_fmc.o ABSOLUTE
    ..\\STDLIB\\Source\\gd32f10x_gpio.c      0x00000000   Number         0  gd32f10x_gpio.o ABSOLUTE
    ..\\STDLIB\\Source\\gd32f10x_i2c.c       0x00000000   Number         0  gd32f10x_i2c.o ABSOLUTE
    ..\\STDLIB\\Source\\gd32f10x_misc.c      0x00000000   Number         0  gd32f10x_misc.o ABSOLUTE
    ..\\STDLIB\\Source\\gd32f10x_rcu.c       0x00000000   Number         0  gd32f10x_rcu.o ABSOLUTE
    ..\\STDLIB\\Source\\gd32f10x_timer.c     0x00000000   Number         0  gd32f10x_timer.o ABSOLUTE
    ..\\STDLIB\\Source\\gd32f10x_usart.c     0x00000000   Number         0  gd32f10x_usart.o ABSOLUTE
    ..\\USER\\at24cxx.c                      0x00000000   Number         0  at24cxx.o ABSOLUTE
    ..\\USER\\exmc.c                         0x00000000   Number         0  exmc.o ABSOLUTE
    ..\\USER\\fmc.c                          0x00000000   Number         0  fmc.o ABSOLUTE
    ..\\USER\\iic.c                          0x00000000   Number         0  iic.o ABSOLUTE
    ..\\USER\\lcd.c                          0x00000000   Number         0  lcd.o ABSOLUTE
    ..\\USER\\led.c                          0x00000000   Number         0  led.o ABSOLUTE
    ..\\USER\\tim.c                          0x00000000   Number         0  tim.o ABSOLUTE
    ..\\USER\\usart0.c                       0x00000000   Number         0  usart0.o ABSOLUTE
    ..\\USER\\xpt2046.c                      0x00000000   Number         0  xpt2046.o ABSOLUTE
    cdcmple.s                                0x00000000   Number         0  cdcmple.o ABSOLUTE
    cdrcmple.s                               0x00000000   Number         0  cdrcmple.o ABSOLUTE
    dc.s                                     0x00000000   Number         0  dc.o ABSOLUTE
    handlers.s                               0x00000000   Number         0  handlers.o ABSOLUTE
    init.s                                   0x00000000   Number         0  init.o ABSOLUTE
    main.c                                   0x00000000   Number         0  main.o ABSOLUTE
    main.c                                   0x00000000   Number         0  main.o ABSOLUTE
    systick.c                                0x00000000   Number         0  systick.o ABSOLUTE
    systick.c                                0x00000000   Number         0  systick.o ABSOLUTE
    RESET                                    0x08002000   Section      304  startup_gd32f10x_hd.o(RESET)
    .ARM.Collect$$$$00000000                 0x08002130   Section        0  entry.o(.ARM.Collect$$$$00000000)
    .ARM.Collect$$$$00000001                 0x08002130   Section        4  entry2.o(.ARM.Collect$$$$00000001)
    .ARM.Collect$$$$00000004                 0x08002134   Section        4  entry5.o(.ARM.Collect$$$$00000004)
    .ARM.Collect$$$$00000008                 0x08002138   Section        0  entry7b.o(.ARM.Collect$$$$00000008)
    .ARM.Collect$$$$0000000A                 0x08002138   Section        0  entry8b.o(.ARM.Collect$$$$0000000A)
    .ARM.Collect$$$$0000000B                 0x08002138   Section        8  entry9a.o(.ARM.Collect$$$$0000000B)
    .ARM.Collect$$$$0000000E                 0x08002140   Section        4  entry12b.o(.ARM.Collect$$$$0000000E)
    .ARM.Collect$$$$0000000F                 0x08002144   Section        0  entry10a.o(.ARM.Collect$$$$0000000F)
    .ARM.Collect$$$$00000011                 0x08002144   Section        0  entry11a.o(.ARM.Collect$$$$00000011)
    .ARM.Collect$$$$00002712                 0x08002144   Section        4  entry2.o(.ARM.Collect$$$$00002712)
    __lit__00000000                          0x08002144   Data           4  entry2.o(.ARM.Collect$$$$00002712)
    .text                                    0x08002148   Section       36  startup_gd32f10x_hd.o(.text)
    .text                                    0x0800216c   Section        0  dmul.o(.text)
    .text                                    0x08002250   Section        0  ddiv.o(.text)
    .text                                    0x0800232e   Section        0  dfltui.o(.text)
    .text                                    0x08002348   Section        0  dfixui.o(.text)
    .text                                    0x0800237c   Section       48  cdrcmple.o(.text)
    .text                                    0x080023ac   Section        0  uidiv.o(.text)
    .text                                    0x080023d8   Section        0  uldiv.o(.text)
    .text                                    0x0800243a   Section        0  llushr.o(.text)
    .text                                    0x0800245a   Section        0  depilogue.o(.text)
    .text                                    0x0800245a   Section        0  iusefp.o(.text)
    .text                                    0x08002514   Section        0  dadd.o(.text)
    .text                                    0x08002662   Section        0  dfixul.o(.text)
    .text                                    0x08002694   Section       36  init.o(.text)
    .text                                    0x080026b8   Section        0  llshl.o(.text)
    .text                                    0x080026d6   Section        0  llsshr.o(.text)
    i.Delay_Ms                               0x080026fc   Section        0  systick.o(i.Delay_Ms)
    i.LED_Flash                              0x08002748   Section        0  led.o(i.LED_Flash)
    i.LED_Init                               0x08002798   Section        0  led.o(i.LED_Init)
    i.SystemInit                             0x080027f4   Section        0  system_gd32f10x.o(i.SystemInit)
    i.Systick_Init                           0x080028c8   Section        0  systick.o(i.Systick_Init)
    i.TIMER6_IRQHandler                      0x08002930   Section        0  tim.o(i.TIMER6_IRQHandler)
    i.USART0_Init                            0x0800294c   Section        0  usart0.o(i.USART0_Init)
    i.__0printf                              0x080029d4   Section        0  printfa.o(i.__0printf)
    i.__scatterload_copy                     0x080029f4   Section       14  handlers.o(i.__scatterload_copy)
    i.__scatterload_null                     0x08002a02   Section        2  handlers.o(i.__scatterload_null)
    i.__scatterload_zeroinit                 0x08002a04   Section       14  handlers.o(i.__scatterload_zeroinit)
    i._fp_digits                             0x08002a14   Section        0  printfa.o(i._fp_digits)
    _fp_digits                               0x08002a15   Thumb Code   366  printfa.o(i._fp_digits)
    i._printf_core                           0x08002b98   Section        0  printfa.o(i._printf_core)
    _printf_core                             0x08002b99   Thumb Code  1704  printfa.o(i._printf_core)
    i._printf_post_padding                   0x0800324c   Section        0  printfa.o(i._printf_post_padding)
    _printf_post_padding                     0x0800324d   Thumb Code    36  printfa.o(i._printf_post_padding)
    i._printf_pre_padding                    0x08003270   Section        0  printfa.o(i._printf_pre_padding)
    _printf_pre_padding                      0x08003271   Thumb Code    46  printfa.o(i._printf_pre_padding)
    i.fputc                                  0x080032a0   Section        0  usart0.o(i.fputc)
    i.gpio_init                              0x080032c4   Section        0  gd32f10x_gpio.o(i.gpio_init)
    i.main                                   0x08003370   Section        0  main.o(i.main)
    i.nvic_vector_table_set                  0x080033ac   Section        0  gd32f10x_misc.o(i.nvic_vector_table_set)
    i.rcu_clock_freq_get                     0x080033c4   Section        0  gd32f10x_rcu.o(i.rcu_clock_freq_get)
    i.rcu_periph_clock_enable                0x080034e8   Section        0  gd32f10x_rcu.o(i.rcu_periph_clock_enable)
    i.rcu_periph_reset_disable               0x08003508   Section        0  gd32f10x_rcu.o(i.rcu_periph_reset_disable)
    i.rcu_periph_reset_enable                0x08003528   Section        0  gd32f10x_rcu.o(i.rcu_periph_reset_enable)
    i.system_clock_108m_hxtal                0x08003548   Section        0  system_gd32f10x.o(i.system_clock_108m_hxtal)
    system_clock_108m_hxtal                  0x08003549   Thumb Code   182  system_gd32f10x.o(i.system_clock_108m_hxtal)
    i.system_clock_config                    0x0800360c   Section        0  system_gd32f10x.o(i.system_clock_config)
    system_clock_config                      0x0800360d   Thumb Code     8  system_gd32f10x.o(i.system_clock_config)
    i.timer_interrupt_flag_clear             0x08003614   Section        0  gd32f10x_timer.o(i.timer_interrupt_flag_clear)
    i.timer_interrupt_flag_get               0x0800361a   Section        0  gd32f10x_timer.o(i.timer_interrupt_flag_get)
    i.usart_baudrate_set                     0x08003634   Section        0  gd32f10x_usart.o(i.usart_baudrate_set)
    i.usart_data_transmit                    0x080036c4   Section        0  gd32f10x_usart.o(i.usart_data_transmit)
    i.usart_deinit                           0x080036cc   Section        0  gd32f10x_usart.o(i.usart_deinit)
    i.usart_enable                           0x0800375c   Section        0  gd32f10x_usart.o(i.usart_enable)
    i.usart_flag_get                         0x08003766   Section        0  gd32f10x_usart.o(i.usart_flag_get)
    i.usart_hardware_flow_cts_config         0x08003784   Section        0  gd32f10x_usart.o(i.usart_hardware_flow_cts_config)
    i.usart_hardware_flow_rts_config         0x08003798   Section        0  gd32f10x_usart.o(i.usart_hardware_flow_rts_config)
    i.usart_parity_config                    0x080037ac   Section        0  gd32f10x_usart.o(i.usart_parity_config)
    i.usart_receive_config                   0x080037bc   Section        0  gd32f10x_usart.o(i.usart_receive_config)
    i.usart_stop_bit_set                     0x080037cc   Section        0  gd32f10x_usart.o(i.usart_stop_bit_set)
    i.usart_transmit_config                  0x080037dc   Section        0  gd32f10x_usart.o(i.usart_transmit_config)
    i.usart_word_length_set                  0x080037ec   Section        0  gd32f10x_usart.o(i.usart_word_length_set)
    .data                                    0x20000000   Section        4  systick.o(.data)
    fac_us                                   0x20000000   Data           1  systick.o(.data)
    fac_ms                                   0x20000002   Data           2  systick.o(.data)
    .data                                    0x20000004   Section        4  stdout.o(.data)
    STACK                                    0x20000008   Section     1024  startup_gd32f10x_hd.o(STACK)

    Global Symbols

    Symbol Name                              Value     Ov Type        Size  Object(Section)

    BuildAttributes$$THM_ISAv4$P$D$K$B$S$PE$A:L22UL41UL21$X:L11$S22US41US21$IEEE1$IW$USESV6$~STKCKD$USESV7$~SHL$OTIME$ROPI$IEEEJ$EBA8$MICROLIB$REQ8$PRES8$EABIv2 0x00000000   Number         0  anon$$obj.o ABSOLUTE
    __ARM_use_no_argv                        0x00000000   Number         0  main.o ABSOLUTE
    _printf_a                                0x00000000   Number         0  stubs.o ABSOLUTE
    _printf_c                                0x00000000   Number         0  stubs.o ABSOLUTE
    _printf_charcount                        0x00000000   Number         0  stubs.o ABSOLUTE
    _printf_d                                0x00000000   Number         0  stubs.o ABSOLUTE
    _printf_e                                0x00000000   Number         0  stubs.o ABSOLUTE
    _printf_f                                0x00000000   Number         0  stubs.o ABSOLUTE
    _printf_flags                            0x00000000   Number         0  stubs.o ABSOLUTE
    _printf_fp_dec                           0x00000000   Number         0  stubs.o ABSOLUTE
    _printf_fp_hex                           0x00000000   Number         0  stubs.o ABSOLUTE
    _printf_g                                0x00000000   Number         0  stubs.o ABSOLUTE
    _printf_i                                0x00000000   Number         0  stubs.o ABSOLUTE
    _printf_int_dec                          0x00000000   Number         0  stubs.o ABSOLUTE
    _printf_l                                0x00000000   Number         0  stubs.o ABSOLUTE
    _printf_lc                               0x00000000   Number         0  stubs.o ABSOLUTE
    _printf_ll                               0x00000000   Number         0  stubs.o ABSOLUTE
    _printf_lld                              0x00000000   Number         0  stubs.o ABSOLUTE
    _printf_lli                              0x00000000   Number         0  stubs.o ABSOLUTE
    _printf_llo                              0x00000000   Number         0  stubs.o ABSOLUTE
    _printf_llu                              0x00000000   Number         0  stubs.o ABSOLUTE
    _printf_llx                              0x00000000   Number         0  stubs.o ABSOLUTE
    _printf_longlong_dec                     0x00000000   Number         0  stubs.o ABSOLUTE
    _printf_longlong_hex                     0x00000000   Number         0  stubs.o ABSOLUTE
    _printf_longlong_oct                     0x00000000   Number         0  stubs.o ABSOLUTE
    _printf_ls                               0x00000000   Number         0  stubs.o ABSOLUTE
    _printf_mbtowc                           0x00000000   Number         0  stubs.o ABSOLUTE
    _printf_n                                0x00000000   Number         0  stubs.o ABSOLUTE
    _printf_o                                0x00000000   Number         0  stubs.o ABSOLUTE
    _printf_p                                0x00000000   Number         0  stubs.o ABSOLUTE
    _printf_percent                          0x00000000   Number         0  stubs.o ABSOLUTE
    _printf_pre_padding                      0x00000000   Number         0  stubs.o ABSOLUTE
    _printf_return_value                     0x00000000   Number         0  stubs.o ABSOLUTE
    _printf_s                                0x00000000   Number         0  stubs.o ABSOLUTE
    _printf_sizespec                         0x00000000   Number         0  stubs.o ABSOLUTE
    _printf_str                              0x00000000   Number         0  stubs.o ABSOLUTE
    _printf_truncate_signed                  0x00000000   Number         0  stubs.o ABSOLUTE
    _printf_truncate_unsigned                0x00000000   Number         0  stubs.o ABSOLUTE
    _printf_u                                0x00000000   Number         0  stubs.o ABSOLUTE
    _printf_wc                               0x00000000   Number         0  stubs.o ABSOLUTE
    _printf_wctomb                           0x00000000   Number         0  stubs.o ABSOLUTE
    _printf_widthprec                        0x00000000   Number         0  stubs.o ABSOLUTE
    _printf_x                                0x00000000   Number         0  stubs.o ABSOLUTE
    __arm_fini_                               - Undefined Weak Reference
    __cpp_initialize__aeabi_                  - Undefined Weak Reference
    __cxa_finalize                            - Undefined Weak Reference
    __decompress                              - Undefined Weak Reference
    _clock_init                               - Undefined Weak Reference
    _microlib_exit                            - Undefined Weak Reference
    __Vectors_Size                           0x00000130   Number         0  startup_gd32f10x_hd.o ABSOLUTE
    __Vectors                                0x08002000   Data           4  startup_gd32f10x_hd.o(RESET)
    __Vectors_End                            0x08002130   Data           0  startup_gd32f10x_hd.o(RESET)
    __main                                   0x08002131   Thumb Code     0  entry.o(.ARM.Collect$$$$00000000)
    _main_stk                                0x08002131   Thumb Code     0  entry2.o(.ARM.Collect$$$$00000001)
    _main_scatterload                        0x08002135   Thumb Code     0  entry5.o(.ARM.Collect$$$$00000004)
    __main_after_scatterload                 0x08002139   Thumb Code     0  entry5.o(.ARM.Collect$$$$00000004)
    _main_clock                              0x08002139   Thumb Code     0  entry7b.o(.ARM.Collect$$$$00000008)
    _main_cpp_init                           0x08002139   Thumb Code     0  entry8b.o(.ARM.Collect$$$$0000000A)
    _main_init                               0x08002139   Thumb Code     0  entry9a.o(.ARM.Collect$$$$0000000B)
    __rt_lib_shutdown_fini                   0x08002141   Thumb Code     0  entry12b.o(.ARM.Collect$$$$0000000E)
    __rt_final_cpp                           0x08002145   Thumb Code     0  entry10a.o(.ARM.Collect$$$$0000000F)
    __rt_final_exit                          0x08002145   Thumb Code     0  entry11a.o(.ARM.Collect$$$$00000011)
    Reset_Handler                            0x08002149   Thumb Code     8  startup_gd32f10x_hd.o(.text)
    NMI_Handler                              0x08002151   Thumb Code     2  startup_gd32f10x_hd.o(.text)
    HardFault_Handler                        0x08002153   Thumb Code     2  startup_gd32f10x_hd.o(.text)
    MemManage_Handler                        0x08002155   Thumb Code     2  startup_gd32f10x_hd.o(.text)
    BusFault_Handler                         0x08002157   Thumb Code     2  startup_gd32f10x_hd.o(.text)
    UsageFault_Handler                       0x08002159   Thumb Code     2  startup_gd32f10x_hd.o(.text)
    SVC_Handler                              0x0800215b   Thumb Code     2  startup_gd32f10x_hd.o(.text)
    DebugMon_Handler                         0x0800215d   Thumb Code     2  startup_gd32f10x_hd.o(.text)
    PendSV_Handler                           0x0800215f   Thumb Code     2  startup_gd32f10x_hd.o(.text)
    SysTick_Handler                          0x08002161   Thumb Code     2  startup_gd32f10x_hd.o(.text)
    ADC0_1_IRQHandler                        0x08002163   Thumb Code     0  startup_gd32f10x_hd.o(.text)
    ADC2_IRQHandler                          0x08002163   Thumb Code     0  startup_gd32f10x_hd.o(.text)
    CAN0_EWMC_IRQHandler                     0x08002163   Thumb Code     0  startup_gd32f10x_hd.o(.text)
    CAN0_RX1_IRQHandler                      0x08002163   Thumb Code     0  startup_gd32f10x_hd.o(.text)
    DMA0_Channel0_IRQHandler                 0x08002163   Thumb Code     0  startup_gd32f10x_hd.o(.text)
    DMA0_Channel1_IRQHandler                 0x08002163   Thumb Code     0  startup_gd32f10x_hd.o(.text)
    DMA0_Channel2_IRQHandler                 0x08002163   Thumb Code     0  startup_gd32f10x_hd.o(.text)
    DMA0_Channel3_IRQHandler                 0x08002163   Thumb Code     0  startup_gd32f10x_hd.o(.text)
    DMA0_Channel4_IRQHandler                 0x08002163   Thumb Code     0  startup_gd32f10x_hd.o(.text)
    DMA0_Channel5_IRQHandler                 0x08002163   Thumb Code     0  startup_gd32f10x_hd.o(.text)
    DMA0_Channel6_IRQHandler                 0x08002163   Thumb Code     0  startup_gd32f10x_hd.o(.text)
    DMA1_Channel0_IRQHandler                 0x08002163   Thumb Code     0  startup_gd32f10x_hd.o(.text)
    DMA1_Channel1_IRQHandler                 0x08002163   Thumb Code     0  startup_gd32f10x_hd.o(.text)
    DMA1_Channel2_IRQHandler                 0x08002163   Thumb Code     0  startup_gd32f10x_hd.o(.text)
    DMA1_Channel3_4_IRQHandler               0x08002163   Thumb Code     0  startup_gd32f10x_hd.o(.text)
    EXMC_IRQHandler                          0x08002163   Thumb Code     0  startup_gd32f10x_hd.o(.text)
    EXTI0_IRQHandler                         0x08002163   Thumb Code     0  startup_gd32f10x_hd.o(.text)
    EXTI10_15_IRQHandler                     0x08002163   Thumb Code     0  startup_gd32f10x_hd.o(.text)
    EXTI1_IRQHandler                         0x08002163   Thumb Code     0  startup_gd32f10x_hd.o(.text)
    EXTI2_IRQHandler                         0x08002163   Thumb Code     0  startup_gd32f10x_hd.o(.text)
    EXTI3_IRQHandler                         0x08002163   Thumb Code     0  startup_gd32f10x_hd.o(.text)
    EXTI4_IRQHandler                         0x08002163   Thumb Code     0  startup_gd32f10x_hd.o(.text)
    EXTI5_9_IRQHandler                       0x08002163   Thumb Code     0  startup_gd32f10x_hd.o(.text)
    FMC_IRQHandler                           0x08002163   Thumb Code     0  startup_gd32f10x_hd.o(.text)
    I2C0_ER_IRQHandler                       0x08002163   Thumb Code     0  startup_gd32f10x_hd.o(.text)
    I2C0_EV_IRQHandler                       0x08002163   Thumb Code     0  startup_gd32f10x_hd.o(.text)
    I2C1_ER_IRQHandler                       0x08002163   Thumb Code     0  startup_gd32f10x_hd.o(.text)
    I2C1_EV_IRQHandler                       0x08002163   Thumb Code     0  startup_gd32f10x_hd.o(.text)
    LVD_IRQHandler                           0x08002163   Thumb Code     0  startup_gd32f10x_hd.o(.text)
    RCU_IRQHandler                           0x08002163   Thumb Code     0  startup_gd32f10x_hd.o(.text)
    RTC_Alarm_IRQHandler                     0x08002163   Thumb Code     0  startup_gd32f10x_hd.o(.text)
    RTC_IRQHandler                           0x08002163   Thumb Code     0  startup_gd32f10x_hd.o(.text)
    SDIO_IRQHandler                          0x08002163   Thumb Code     0  startup_gd32f10x_hd.o(.text)
    SPI0_IRQHandler                          0x08002163   Thumb Code     0  startup_gd32f10x_hd.o(.text)
    SPI1_IRQHandler                          0x08002163   Thumb Code     0  startup_gd32f10x_hd.o(.text)
    SPI2_IRQHandler                          0x08002163   Thumb Code     0  startup_gd32f10x_hd.o(.text)
    TAMPER_IRQHandler                        0x08002163   Thumb Code     0  startup_gd32f10x_hd.o(.text)
    TIMER0_BRK_IRQHandler                    0x08002163   Thumb Code     0  startup_gd32f10x_hd.o(.text)
    TIMER0_Channel_IRQHandler                0x08002163   Thumb Code     0  startup_gd32f10x_hd.o(.text)
    TIMER0_TRG_CMT_IRQHandler                0x08002163   Thumb Code     0  startup_gd32f10x_hd.o(.text)
    TIMER0_UP_IRQHandler                     0x08002163   Thumb Code     0  startup_gd32f10x_hd.o(.text)
    TIMER1_IRQHandler                        0x08002163   Thumb Code     0  startup_gd32f10x_hd.o(.text)
    TIMER2_IRQHandler                        0x08002163   Thumb Code     0  startup_gd32f10x_hd.o(.text)
    TIMER3_IRQHandler                        0x08002163   Thumb Code     0  startup_gd32f10x_hd.o(.text)
    TIMER4_IRQHandler                        0x08002163   Thumb Code     0  startup_gd32f10x_hd.o(.text)
    TIMER5_IRQHandler                        0x08002163   Thumb Code     0  startup_gd32f10x_hd.o(.text)
    TIMER7_BRK_IRQHandler                    0x08002163   Thumb Code     0  startup_gd32f10x_hd.o(.text)
    TIMER7_Channel_IRQHandler                0x08002163   Thumb Code     0  startup_gd32f10x_hd.o(.text)
    TIMER7_TRG_CMT_IRQHandler                0x08002163   Thumb Code     0  startup_gd32f10x_hd.o(.text)
    TIMER7_UP_IRQHandler                     0x08002163   Thumb Code     0  startup_gd32f10x_hd.o(.text)
    UART3_IRQHandler                         0x08002163   Thumb Code     0  startup_gd32f10x_hd.o(.text)
    UART4_IRQHandler                         0x08002163   Thumb Code     0  startup_gd32f10x_hd.o(.text)
    USART0_IRQHandler                        0x08002163   Thumb Code     0  startup_gd32f10x_hd.o(.text)
    USART1_IRQHandler                        0x08002163   Thumb Code     0  startup_gd32f10x_hd.o(.text)
    USART2_IRQHandler                        0x08002163   Thumb Code     0  startup_gd32f10x_hd.o(.text)
    USBD_HP_CAN0_TX_IRQHandler               0x08002163   Thumb Code     0  startup_gd32f10x_hd.o(.text)
    USBD_LP_CAN0_RX0_IRQHandler              0x08002163   Thumb Code     0  startup_gd32f10x_hd.o(.text)
    USBD_WKUP_IRQHandler                     0x08002163   Thumb Code     0  startup_gd32f10x_hd.o(.text)
    WWDGT_IRQHandler                         0x08002163   Thumb Code     0  startup_gd32f10x_hd.o(.text)
    __aeabi_dmul                             0x0800216d   Thumb Code   228  dmul.o(.text)
    __aeabi_ddiv                             0x08002251   Thumb Code   222  ddiv.o(.text)
    __aeabi_ui2d                             0x0800232f   Thumb Code    26  dfltui.o(.text)
    __aeabi_d2uiz                            0x08002349   Thumb Code    50  dfixui.o(.text)
    __aeabi_cdrcmple                         0x0800237d   Thumb Code    48  cdrcmple.o(.text)
    __aeabi_uidiv                            0x080023ad   Thumb Code     0  uidiv.o(.text)
    __aeabi_uidivmod                         0x080023ad   Thumb Code    44  uidiv.o(.text)
    __aeabi_uldivmod                         0x080023d9   Thumb Code    98  uldiv.o(.text)
    __aeabi_llsr                             0x0800243b   Thumb Code    32  llushr.o(.text)
    _ll_ushift_r                             0x0800243b   Thumb Code     0  llushr.o(.text)
    __I$use$fp                               0x0800245b   Thumb Code     0  iusefp.o(.text)
    _double_round                            0x0800245b   Thumb Code    30  depilogue.o(.text)
    _double_epilogue                         0x08002479   Thumb Code   156  depilogue.o(.text)
    __aeabi_dadd                             0x08002515   Thumb Code   322  dadd.o(.text)
    __aeabi_dsub                             0x08002657   Thumb Code     6  dadd.o(.text)
    __aeabi_drsub                            0x0800265d   Thumb Code     6  dadd.o(.text)
    __aeabi_d2ulz                            0x08002663   Thumb Code    48  dfixul.o(.text)
    __scatterload                            0x08002695   Thumb Code    28  init.o(.text)
    __scatterload_rt2                        0x08002695   Thumb Code     0  init.o(.text)
    __aeabi_llsl                             0x080026b9   Thumb Code    30  llshl.o(.text)
    _ll_shift_l                              0x080026b9   Thumb Code     0  llshl.o(.text)
    __aeabi_lasr                             0x080026d7   Thumb Code    36  llsshr.o(.text)
    _ll_sshift_r                             0x080026d7   Thumb Code     0  llsshr.o(.text)
    Delay_Ms                                 0x080026fd   Thumb Code    70  systick.o(i.Delay_Ms)
    LED_Flash                                0x08002749   Thumb Code    64  led.o(i.LED_Flash)
    LED_Init                                 0x08002799   Thumb Code    66  led.o(i.LED_Init)
    SystemInit                               0x080027f5   Thumb Code   196  system_gd32f10x.o(i.SystemInit)
    Systick_Init                             0x080028c9   Thumb Code    88  systick.o(i.Systick_Init)
    TIMER6_IRQHandler                        0x08002931   Thumb Code    24  tim.o(i.TIMER6_IRQHandler)
    USART0_Init                              0x0800294d   Thumb Code   126  usart0.o(i.USART0_Init)
    __0printf                                0x080029d5   Thumb Code    22  printfa.o(i.__0printf)
    __1printf                                0x080029d5   Thumb Code     0  printfa.o(i.__0printf)
    __2printf                                0x080029d5   Thumb Code     0  printfa.o(i.__0printf)
    __c89printf                              0x080029d5   Thumb Code     0  printfa.o(i.__0printf)
    printf                                   0x080029d5   Thumb Code     0  printfa.o(i.__0printf)
    __scatterload_copy                       0x080029f5   Thumb Code    14  handlers.o(i.__scatterload_copy)
    __scatterload_null                       0x08002a03   Thumb Code     2  handlers.o(i.__scatterload_null)
    __scatterload_zeroinit                   0x08002a05   Thumb Code    14  handlers.o(i.__scatterload_zeroinit)
    fputc                                    0x080032a1   Thumb Code    32  usart0.o(i.fputc)
    gpio_init                                0x080032c5   Thumb Code   172  gd32f10x_gpio.o(i.gpio_init)
    main                                     0x08003371   Thumb Code    42  main.o(i.main)
    nvic_vector_table_set                    0x080033ad   Thumb Code    16  gd32f10x_misc.o(i.nvic_vector_table_set)
    rcu_clock_freq_get                       0x080033c5   Thumb Code   264  gd32f10x_rcu.o(i.rcu_clock_freq_get)
    rcu_periph_clock_enable                  0x080034e9   Thumb Code    28  gd32f10x_rcu.o(i.rcu_periph_clock_enable)
    rcu_periph_reset_disable                 0x08003509   Thumb Code    28  gd32f10x_rcu.o(i.rcu_periph_reset_disable)
    rcu_periph_reset_enable                  0x08003529   Thumb Code    28  gd32f10x_rcu.o(i.rcu_periph_reset_enable)
    timer_interrupt_flag_clear               0x08003615   Thumb Code     6  gd32f10x_timer.o(i.timer_interrupt_flag_clear)
    timer_interrupt_flag_get                 0x0800361b   Thumb Code    24  gd32f10x_timer.o(i.timer_interrupt_flag_get)
    usart_baudrate_set                       0x08003635   Thumb Code   136  gd32f10x_usart.o(i.usart_baudrate_set)
    usart_data_transmit                      0x080036c5   Thumb Code     8  gd32f10x_usart.o(i.usart_data_transmit)
    usart_deinit                             0x080036cd   Thumb Code   136  gd32f10x_usart.o(i.usart_deinit)
    usart_enable                             0x0800375d   Thumb Code    10  gd32f10x_usart.o(i.usart_enable)
    usart_flag_get                           0x08003767   Thumb Code    30  gd32f10x_usart.o(i.usart_flag_get)
    usart_hardware_flow_cts_config           0x08003785   Thumb Code    20  gd32f10x_usart.o(i.usart_hardware_flow_cts_config)
    usart_hardware_flow_rts_config           0x08003799   Thumb Code    20  gd32f10x_usart.o(i.usart_hardware_flow_rts_config)
    usart_parity_config                      0x080037ad   Thumb Code    16  gd32f10x_usart.o(i.usart_parity_config)
    usart_receive_config                     0x080037bd   Thumb Code    16  gd32f10x_usart.o(i.usart_receive_config)
    usart_stop_bit_set                       0x080037cd   Thumb Code    16  gd32f10x_usart.o(i.usart_stop_bit_set)
    usart_transmit_config                    0x080037dd   Thumb Code    16  gd32f10x_usart.o(i.usart_transmit_config)
    usart_word_length_set                    0x080037ed   Thumb Code    16  gd32f10x_usart.o(i.usart_word_length_set)
    Region$$Table$$Base                      0x080037fc   Number         0  anon$$obj.o(Region$$Table)
    Region$$Table$$Limit                     0x0800381c   Number         0  anon$$obj.o(Region$$Table)
    __stdout                                 0x20000004   Data           4  stdout.o(.data)
    __initial_sp                             0x20000408   Data           0  startup_gd32f10x_hd.o(STACK)



==============================================================================

Memory Map of the image

  Image Entry point : 0x08002131

  Load Region LR_IROM1 (Base: 0x08002000, Size: 0x00001824, Max: 0x00040000, ABSOLUTE)

    Execution Region ER_IROM1 (Exec base: 0x08002000, Load base: 0x08002000, Size: 0x0000181c, Max: 0x00040000, ABSOLUTE)

    Exec Addr    Load Addr    Size         Type   Attr      Idx    E Section Name        Object

    0x08002000   0x08002000   0x00000130   Data   RO            3    RESET               startup_gd32f10x_hd.o
    0x08002130   0x08002130   0x00000000   Code   RO         2749  * .ARM.Collect$$$$00000000  mc_w.l(entry.o)
    0x08002130   0x08002130   0x00000004   Code   RO         3053    .ARM.Collect$$$$00000001  mc_w.l(entry2.o)
    0x08002134   0x08002134   0x00000004   Code   RO         3056    .ARM.Collect$$$$00000004  mc_w.l(entry5.o)
    0x08002138   0x08002138   0x00000000   Code   RO         3058    .ARM.Collect$$$$00000008  mc_w.l(entry7b.o)
    0x08002138   0x08002138   0x00000000   Code   RO         3060    .ARM.Collect$$$$0000000A  mc_w.l(entry8b.o)
    0x08002138   0x08002138   0x00000008   Code   RO         3061    .ARM.Collect$$$$0000000B  mc_w.l(entry9a.o)
    0x08002140   0x08002140   0x00000004   Code   RO         3068    .ARM.Collect$$$$0000000E  mc_w.l(entry12b.o)
    0x08002144   0x08002144   0x00000000   Code   RO         3063    .ARM.Collect$$$$0000000F  mc_w.l(entry10a.o)
    0x08002144   0x08002144   0x00000000   Code   RO         3065    .ARM.Collect$$$$00000011  mc_w.l(entry11a.o)
    0x08002144   0x08002144   0x00000004   Code   RO         3054    .ARM.Collect$$$$00002712  mc_w.l(entry2.o)
    0x08002148   0x08002148   0x00000024   Code   RO            4    .text               startup_gd32f10x_hd.o
    0x0800216c   0x0800216c   0x000000e4   Code   RO         3027    .text               mf_w.l(dmul.o)
    0x08002250   0x08002250   0x000000de   Code   RO         3029    .text               mf_w.l(ddiv.o)
    0x0800232e   0x0800232e   0x0000001a   Code   RO         3037    .text               mf_w.l(dfltui.o)
    0x08002348   0x08002348   0x00000032   Code   RO         3043    .text               mf_w.l(dfixui.o)
    0x0800237a   0x0800237a   0x00000002   PAD
    0x0800237c   0x0800237c   0x00000030   Code   RO         3049    .text               mf_w.l(cdrcmple.o)
    0x080023ac   0x080023ac   0x0000002c   Code   RO         3070    .text               mc_w.l(uidiv.o)
    0x080023d8   0x080023d8   0x00000062   Code   RO         3072    .text               mc_w.l(uldiv.o)
    0x0800243a   0x0800243a   0x00000020   Code   RO         3074    .text               mc_w.l(llushr.o)
    0x0800245a   0x0800245a   0x00000000   Code   RO         3083    .text               mc_w.l(iusefp.o)
    0x0800245a   0x0800245a   0x000000ba   Code   RO         3086    .text               mf_w.l(depilogue.o)
    0x08002514   0x08002514   0x0000014e   Code   RO         3088    .text               mf_w.l(dadd.o)
    0x08002662   0x08002662   0x00000030   Code   RO         3092    .text               mf_w.l(dfixul.o)
    0x08002692   0x08002692   0x00000002   PAD
    0x08002694   0x08002694   0x00000024   Code   RO         3094    .text               mc_w.l(init.o)
    0x080026b8   0x080026b8   0x0000001e   Code   RO         3096    .text               mc_w.l(llshl.o)
    0x080026d6   0x080026d6   0x00000024   Code   RO         3098    .text               mc_w.l(llsshr.o)
    0x080026fa   0x080026fa   0x00000002   PAD
    0x080026fc   0x080026fc   0x0000004c   Code   RO          225    i.Delay_Ms          systick.o
    0x08002748   0x08002748   0x00000050   Code   RO         2223    i.LED_Flash         led.o
    0x08002798   0x08002798   0x0000005c   Code   RO         2224    i.LED_Init          led.o
    0x080027f4   0x080027f4   0x000000d4   Code   RO           12    i.SystemInit        system_gd32f10x.o
    0x080028c8   0x080028c8   0x00000068   Code   RO          227    i.Systick_Init      systick.o
    0x08002930   0x08002930   0x0000001c   Code   RO         2417    i.TIMER6_IRQHandler  tim.o
    0x0800294c   0x0800294c   0x00000088   Code   RO         2112    i.USART0_Init       usart0.o
    0x080029d4   0x080029d4   0x00000020   Code   RO         2993    i.__0printf         mc_w.l(printfa.o)
    0x080029f4   0x080029f4   0x0000000e   Code   RO         3102    i.__scatterload_copy  mc_w.l(handlers.o)
    0x08002a02   0x08002a02   0x00000002   Code   RO         3103    i.__scatterload_null  mc_w.l(handlers.o)
    0x08002a04   0x08002a04   0x0000000e   Code   RO         3104    i.__scatterload_zeroinit  mc_w.l(handlers.o)
    0x08002a12   0x08002a12   0x00000002   PAD
    0x08002a14   0x08002a14   0x00000184   Code   RO         3000    i._fp_digits        mc_w.l(printfa.o)
    0x08002b98   0x08002b98   0x000006b4   Code   RO         3001    i._printf_core      mc_w.l(printfa.o)
    0x0800324c   0x0800324c   0x00000024   Code   RO         3002    i._printf_post_padding  mc_w.l(printfa.o)
    0x08003270   0x08003270   0x0000002e   Code   RO         3003    i._printf_pre_padding  mc_w.l(printfa.o)
    0x0800329e   0x0800329e   0x00000002   PAD
    0x080032a0   0x080032a0   0x00000024   Code   RO         2113    i.fputc             usart0.o
    0x080032c4   0x080032c4   0x000000ac   Code   RO          268    i.gpio_init         gd32f10x_gpio.o
    0x08003370   0x08003370   0x0000003c   Code   RO          140    i.main              main.o
    0x080033ac   0x080033ac   0x00000018   Code   RO          608    i.nvic_vector_table_set  gd32f10x_misc.o
    0x080033c4   0x080033c4   0x00000124   Code   RO          383    i.rcu_clock_freq_get  gd32f10x_rcu.o
    0x080034e8   0x080034e8   0x00000020   Code   RO          400    i.rcu_periph_clock_enable  gd32f10x_rcu.o
    0x08003508   0x08003508   0x00000020   Code   RO          403    i.rcu_periph_reset_disable  gd32f10x_rcu.o
    0x08003528   0x08003528   0x00000020   Code   RO          404    i.rcu_periph_reset_enable  gd32f10x_rcu.o
    0x08003548   0x08003548   0x000000c4   Code   RO           13    i.system_clock_108m_hxtal  system_gd32f10x.o
    0x0800360c   0x0800360c   0x00000008   Code   RO           14    i.system_clock_config  system_gd32f10x.o
    0x08003614   0x08003614   0x00000006   Code   RO         1738    i.timer_interrupt_flag_clear  gd32f10x_timer.o
    0x0800361a   0x0800361a   0x00000018   Code   RO         1739    i.timer_interrupt_flag_get  gd32f10x_timer.o
    0x08003632   0x08003632   0x00000002   PAD
    0x08003634   0x08003634   0x00000090   Code   RO          843    i.usart_baudrate_set  gd32f10x_usart.o
    0x080036c4   0x080036c4   0x00000008   Code   RO          845    i.usart_data_transmit  gd32f10x_usart.o
    0x080036cc   0x080036cc   0x00000090   Code   RO          846    i.usart_deinit      gd32f10x_usart.o
    0x0800375c   0x0800375c   0x0000000a   Code   RO          850    i.usart_enable      gd32f10x_usart.o
    0x08003766   0x08003766   0x0000001e   Code   RO          852    i.usart_flag_get    gd32f10x_usart.o
    0x08003784   0x08003784   0x00000014   Code   RO          856    i.usart_hardware_flow_cts_config  gd32f10x_usart.o
    0x08003798   0x08003798   0x00000014   Code   RO          857    i.usart_hardware_flow_rts_config  gd32f10x_usart.o
    0x080037ac   0x080037ac   0x00000010   Code   RO          871    i.usart_parity_config  gd32f10x_usart.o
    0x080037bc   0x080037bc   0x00000010   Code   RO          873    i.usart_receive_config  gd32f10x_usart.o
    0x080037cc   0x080037cc   0x00000010   Code   RO          879    i.usart_stop_bit_set  gd32f10x_usart.o
    0x080037dc   0x080037dc   0x00000010   Code   RO          883    i.usart_transmit_config  gd32f10x_usart.o
    0x080037ec   0x080037ec   0x00000010   Code   RO          884    i.usart_word_length_set  gd32f10x_usart.o
    0x080037fc   0x080037fc   0x00000020   Data   RO         3100    Region$$Table       anon$$obj.o


    Execution Region RW_IRAM1 (Exec base: 0x20000000, Load base: 0x0800381c, Size: 0x00000408, Max: 0x0000c000, ABSOLUTE)

    Exec Addr    Load Addr    Size         Type   Attr      Idx    E Section Name        Object

    0x20000000   0x0800381c   0x00000004   Data   RW          228    .data               systick.o
    0x20000004   0x08003820   0x00000004   Data   RW         3069    .data               mc_w.l(stdout.o)
    0x20000008        -       0x00000400   Zero   RW            1    STACK               startup_gd32f10x_hd.o


==============================================================================

Image component sizes


      Code (inc. data)   RO Data    RW Data    ZI Data      Debug   Object Name

       172          0          0          0          0        796   gd32f10x_gpio.o
        24          8          0          0          0        524   gd32f10x_misc.o
       388         40          0          0          0       2548   gd32f10x_rcu.o
        30          0          0          0          0       1168   gd32f10x_timer.o
       456         16          0          0          0       6570   gd32f10x_usart.o
       172         42          0          0          0        855   led.o
        60         18          0          0          0        407   main.o
        36          8        304          0       1024        800   startup_gd32f10x_hd.o
       416         30          0          0          0      29449   system_gd32f10x.o
       180         22          0          4          0       1130   systick.o
        28          4          0          0          0        416   tim.o
       172         14          0          0          0       2290   usart0.o

    ----------------------------------------------------------------------
      2136        202        336          4       1024      46953   Object Totals
         0          0         32          0          0          0   (incl. Generated)
         2          0          0          0          0          0   (incl. Padding)

    ----------------------------------------------------------------------

      Code (inc. data)   RO Data    RW Data    ZI Data      Debug   Library Member Name

         0          0          0          0          0          0   entry.o
         0          0          0          0          0          0   entry10a.o
         0          0          0          0          0          0   entry11a.o
         4          0          0          0          0          0   entry12b.o
         8          4          0          0          0          0   entry2.o
         4          0          0          0          0          0   entry5.o
         0          0          0          0          0          0   entry7b.o
         0          0          0          0          0          0   entry8b.o
         8          4          0          0          0          0   entry9a.o
        30          0          0          0          0          0   handlers.o
        36          8          0          0          0         68   init.o
         0          0          0          0          0          0   iusefp.o
        30          0          0          0          0         68   llshl.o
        36          0          0          0          0         68   llsshr.o
        32          0          0          0          0         68   llushr.o
      2218         90          0          0          0        464   printfa.o
         0          0          0          4          0          0   stdout.o
        44          0          0          0          0         80   uidiv.o
        98          0          0          0          0         92   uldiv.o
        48          0          0          0          0         68   cdrcmple.o
       334          0          0          0          0        148   dadd.o
       222          0          0          0          0        100   ddiv.o
       186          0          0          0          0        176   depilogue.o
        50          0          0          0          0         76   dfixui.o
        48          0          0          0          0         68   dfixul.o
        26          0          0          0          0         76   dfltui.o
       228          0          0          0          0         96   dmul.o

    ----------------------------------------------------------------------
      3700        106          0          4          0       1716   Library Totals
        10          0          0          0          0          0   (incl. Padding)

    ----------------------------------------------------------------------

      Code (inc. data)   RO Data    RW Data    ZI Data      Debug   Library Name

      2548        106          0          4          0        908   mc_w.l
      1142          0          0          0          0        808   mf_w.l

    ----------------------------------------------------------------------
      3700        106          0          4          0       1716   Library Totals

    ----------------------------------------------------------------------

==============================================================================


      Code (inc. data)   RO Data    RW Data    ZI Data      Debug   

      5836        308        336          8       1024      46429   Grand Totals
      5836        308        336          8       1024      46429   ELF Image Totals
      5836        308        336          8          0          0   ROM Totals

==============================================================================

    Total RO  Size (Code + RO Data)                 6172 (   6.03kB)
    Total RW  Size (RW Data + ZI Data)              1032 (   1.01kB)
    Total ROM Size (Code + RO Data + RW Data)       6180 (   6.04kB)

==============================================================================

